Archive member included to satisfy reference by file (symbol)

E:/devkitPro/libnx/lib\libnx.a(event.o)
                              main.o (eventCreate)
E:/devkitPro/libnx/lib\libnx.a(thread.o)
                              main.o (threadCreate)
E:/devkitPro/libnx/lib\libnx.a(hid.o)
                              main.o (hidIsControllerConnected)
E:/devkitPro/libnx/lib\libnx.a(vi.o)
                              main.o (viInitialize)
E:/devkitPro/libnx/lib\libnx.a(pl.o)
                              main.o (plExit)
E:/devkitPro/libnx/lib\libnx.a(bpc.o)
                              main.o (bpcInitialize)
E:/devkitPro/libnx/lib\libnx.a(pm.o)
                              main.o (pmdmntInitialize)
E:/devkitPro/libnx/lib\libnx.a(fatal.o)
                              main.o (fatalThrow)
E:/devkitPro/libnx/lib\libnx.a(set.o)
                              main.o (setsysInitialize)
E:/devkitPro/libnx/lib\libnx.a(hidsys.o)
                              main.o (hidsysInitialize)
E:/devkitPro/libnx/lib\libnx.a(sm.o)
                              main.o (smExit)
E:/devkitPro/libnx/lib\libnx.a(fs.o)
                              main.o (fsInitialize)
E:/devkitPro/libnx/lib\libnx.a(framebuffer.o)
                              main.o (framebufferClose)
E:/devkitPro/libnx/lib\libnx.a(native_window.o)
                              E:/devkitPro/libnx/lib\libnx.a(framebuffer.o) (nwindowIsValid)
E:/devkitPro/libnx/lib\libnx.a(hosversion.o)
                              E:/devkitPro/libnx/lib\libnx.a(hid.o) (hosversionGet)
E:/devkitPro/libnx/lib\libnx.a(decode_utf8.o)
                              main.o (decode_utf8)
E:/devkitPro/libnx/lib\libnx.a(cache.o)
                              E:/devkitPro/libnx/lib\libnx.a(framebuffer.o) (armDCacheFlush)
E:/devkitPro/libnx/lib\libnx.a(svc.o)
                              E:/devkitPro/libnx/lib\libnx.a(thread.o) (svcMapMemory)
E:/devkitPro/libnx/lib\libnx.a(readtp.o)
                              E:/devkitPro/libnx/lib\libnx.a(fs.o) (__aarch64_read_tp)
E:/devkitPro/libnx/lib\libnx.a(switch_crt0.o)
                              (_start)
E:/devkitPro/libnx/lib\libnx.a(detect.o)
                              E:/devkitPro/libnx/lib\libnx.a(fatal.o) (detectKernelVersion)
E:/devkitPro/libnx/lib\libnx.a(shmem.o)
                              E:/devkitPro/libnx/lib\libnx.a(hid.o) (shmemLoadRemote)
E:/devkitPro/libnx/lib\libnx.a(wait.o)
                              E:/devkitPro/libnx/lib\libnx.a(event.o) (waitObjects)
E:/devkitPro/libnx/lib\libnx.a(rwlock.o)
                              E:/devkitPro/libnx/lib\libnx.a(hid.o) (rwlockReadLock)
E:/devkitPro/libnx/lib\libnx.a(tmem.o)
                              E:/devkitPro/libnx/lib\libnx.a(hid.o) (tmemCreateFromMemory)
E:/devkitPro/libnx/lib\libnx.a(mutex.o)
                              E:/devkitPro/libnx/lib\libnx.a(thread.o) (mutexLock)
E:/devkitPro/libnx/lib\libnx.a(virtmem.o)
                              E:/devkitPro/libnx/lib\libnx.a(shmem.o) (virtmemReserve)
E:/devkitPro/libnx/lib\libnx.a(condvar.o)
                              E:/devkitPro/libnx/lib\libnx.a(rwlock.o) (condvarWaitTimeout)
E:/devkitPro/libnx/lib\libnx.a(sessionmgr.o)
                              E:/devkitPro/libnx/lib\libnx.a(fs.o) (sessionmgrCreate)
E:/devkitPro/libnx/lib\libnx.a(nv.o)
                              E:/devkitPro/libnx/lib\libnx.a(framebuffer.o) (nvInitialize)
E:/devkitPro/libnx/lib\libnx.a(applet.o)
                              E:/devkitPro/libnx/lib\libnx.a(nv.o) (appletGetAppletType)
E:/devkitPro/libnx/lib\libnx.a(apm.o)
                              E:/devkitPro/libnx/lib\libnx.a(applet.o) (apmInitialize)
E:/devkitPro/libnx/lib\libnx.a(fence.o)
                              E:/devkitPro/libnx/lib\libnx.a(framebuffer.o) (nvFenceInit)
E:/devkitPro/libnx/lib\libnx.a(map.o)
                              E:/devkitPro/libnx/lib\libnx.a(framebuffer.o) (nvMapInit)
E:/devkitPro/libnx/lib\libnx.a(nvhost-ctrl.o)
                              E:/devkitPro/libnx/lib\libnx.a(fence.o) (nvioctlNvhostCtrl_EventSignal)
E:/devkitPro/libnx/lib\libnx.a(nvmap.o)
                              E:/devkitPro/libnx/lib\libnx.a(map.o) (nvioctlNvmap_Create)
E:/devkitPro/libnx/lib\libnx.a(buffer_producer.o)
                              E:/devkitPro/libnx/lib\libnx.a(native_window.o) (bqRequestBuffer)
E:/devkitPro/libnx/lib\libnx.a(binder.o)
                              E:/devkitPro/libnx/lib\libnx.a(native_window.o) (binderCreate)
E:/devkitPro/libnx/lib\libnx.a(parcel.o)
                              E:/devkitPro/libnx/lib\libnx.a(buffer_producer.o) (parcelCreate)
E:/devkitPro/libnx/lib\libnx.a(dynamic.o)
                              E:/devkitPro/libnx/lib\libnx.a(switch_crt0.o) (__nx_dynamic)
E:/devkitPro/libnx/lib\libnx.a(init.o)
                              E:/devkitPro/libnx/lib\libnx.a(switch_crt0.o) (__libnx_init)
E:/devkitPro/libnx/lib\libnx.a(env.o)
                              E:/devkitPro/libnx/lib\libnx.a(init.o) (envSetup)
[...]
Memory Configuration

Name             Origin             Length             Attributes
*default*        0x0000000000000000 0xffffffffffffffff

Linker script and memory map

                0x0000000000000000                PROVIDE (__start__ = 0x0)
                0x0000000000000000                . = __start__
                0x0000000000000000                __code_start = .

.crt0           0x0000000000000000      0x158
 *(.crt0)
 .crt0          0x0000000000000000      0x158 E:/devkitPro/libnx/lib\libnx.a(switch_crt0.o)
                0x0000000000000000                _start
                0x0000000000000120                __nx_exit
                0x0000000000000130                __nx_mod0
                0x0000000000000158                . = ALIGN (0x8)

.init           0x0000000000000158       0x38
 *(.init)
 .init          0x0000000000000158       0x18 e:/devkitpro/devkita64/bin/../lib/gcc/aarch64-none-elf/9.2.0/pic/crti.o
                0x0000000000000158                _init
 .init          0x0000000000000170       0x1c e:/devkitpro/devkita64/bin/../lib/gcc/aarch64-none-elf/9.2.0/pic/crtn.o
                0x0000000000000190                . = ALIGN (0x8)
 *fill*         0x000000000000018c        0x4 

.plt            0x0000000000000190        0x0
 *(.plt)
 .plt           0x0000000000000190        0x0 e:/devkitpro/devkita64/bin/../lib/gcc/aarch64-none-elf/9.2.0/pic/crti.o
 *(.iplt)
                0x0000000000000190                . = ALIGN (0x8)

.text           0x00000000000001c0    0x28cc8
 *(.text.unlikely .text.*_unlikely .text.unlikely.*)
 .text.unlikely._ZN9__gnu_cxx30__throw_concurrence_lock_errorEv
                0x00000000000001c0       0x34 e:/devkitpro/devkita64/bin/../lib/gcc/aarch64-none-elf/9.2.0/../../../../aarch64-none-elf/lib/pic\libstdc++.a(guard.o)
                0x00000000000001c0                __gnu_cxx::__throw_concurrence_lock_error()
 .text.unlikely._ZN9__gnu_cxx35__throw_concurrence_broadcast_errorEv
                0x00000000000001f4       0x34 e:/devkitpro/devkita64/bin/../lib/gcc/aarch64-none-elf/9.2.0/../../../../aarch64-none-elf/lib/pic\libstdc++.a(guard.o)
                0x00000000000001f4                __gnu_cxx::__throw_concurrence_broadcast_error()
 .text.unlikely._ZSt17__throw_bad_allocv
                0x0000000000000228       0x34 e:/devkitpro/devkita64/bin/../lib/gcc/aarch64-none-elf/9.2.0/../../../../aarch64-none-elf/lib/pic\libstdc++.a(functexcept.o)
                0x0000000000000228                std::__throw_bad_alloc()
 .text.unlikely._ZSt19__throw_logic_errorPKc
                0x000000000000025c       0x54 e:/devkitpro/devkita64/bin/../lib/gcc/aarch64-none-elf/9.2.0/../../../../aarch64-none-elf/lib/pic\libstdc++.a(functexcept.o)
                0x000000000000025c                std::__throw_logic_error(char const*)
 .text.unlikely._ZSt20__throw_length_errorPKc
                0x00000000000002b0       0x54 e:/devkitpro/devkita64/bin/../lib/gcc/aarch64-none-elf/9.2.0/../../../../aarch64-none-elf/lib/pic\libstdc++.a(functexcept.o)
                0x00000000000002b0                std::__throw_length_error(char const*)
 .text.unlikely._ZSt25__throw_bad_function_callv
                0x0000000000000304       0x34 e:/devkitpro/devkita64/bin/../lib/gcc/aarch64-none-elf/9.2.0/../../../../aarch64-none-elf/lib/pic\libstdc++.a(functional.o)
                0x0000000000000304                std::__throw_bad_function_call()
 .text.unlikely._ZSt20__throw_system_errori
                0x0000000000000338       0xc4 e:/devkitpro/devkita64/bin/../lib/gcc/aarch64-none-elf/9.2.0/../../../../aarch64-none-elf/lib/pic\libstdc++.a(system_error.o)
                0x0000000000000338                std::__throw_system_error(int)
 *(.text.exit .text.exit.*)
 *fill*         0x00000000000003fc        0x4 
 .text.exit     0x0000000000000400       0x38 e:/devkitpro/devkita64/bin/../lib/gcc/aarch64-none-elf/9.2.0/../../../../aarch64-none-elf/lib/pic\libg.a(lib_a-exit.o)
                0x0000000000000400                exit
 *(.text.startup .text.startup.*)
 *fill*         0x0000000000000438        0x8 
 .text.startup._Z41__static_initialization_and_destruction_0ii.constprop.0
                0x0000000000000440       0x9c main.o
 *fill*         0x00000000000004dc        0x4 
 .text.startup.main
                0x00000000000004e0        0x4 main.o
                0x00000000000004e0                main
 *fill*         0x00000000000004e4        0xc 
 .text.startup._GLOBAL__sub_I_stbtt_FindGlyphIndex
                0x00000000000004f0        0x4 main.o
 *fill*         0x00000000000004f4        0x4 
 .text.startup._GLOBAL__sub_I_system_error.cc
                0x00000000000004f8       0x4c e:/devkitpro/devkita64/bin/../lib/gcc/aarch64-none-elf/9.2.0/../../../../aarch64-none-elf/lib/pic\libstdc++.a(system_error.o)
 *fill*         0x0000000000000544        0x4 
 .text.startup._GLOBAL__sub_I_eh_alloc.cc
                0x0000000000000548       0x54 e:/devkitpro/devkita64/bin/../lib/gcc/aarch64-none-elf/9.2.0/../../../../aarch64-none-elf/lib/pic\libstdc++.a(eh_alloc.o)
 *fill*         0x000000000000059c        0x4 
 .text.startup._GLOBAL__sub_I_eh_globals.cc
                0x00000000000005a0       0x54 e:/devkitpro/devkita64/bin/../lib/gcc/aarch64-none-elf/9.2.0/../../../../aarch64-none-elf/lib/pic\libstdc++.a(eh_globals.o)
 *(.text.hot .text.hot.*)
 *(.text .stub .text.* .gnu.linkonce.t.*)
 *fill*         0x00000000000005f4        0x4 
 .text.deregister_tm_clones
                0x00000000000005f8       0x30 e:/devkitpro/devkita64/bin/../lib/gcc/aarch64-none-elf/9.2.0/pic/crtbegin.o
 .text.register_tm_clones
                0x0000000000000628       0x40 e:/devkitpro/devkita64/bin/../lib/gcc/aarch64-none-elf/9.2.0/pic/crtbegin.o
 .text.__do_global_dtors_aux
                0x0000000000000668       0x48 e:/devkitpro/devkita64/bin/../lib/gcc/aarch64-none-elf/9.2.0/pic/crtbegin.o
 .text.frame_dummy
                0x00000000000006b0       0x34 e:/devkitpro/devkita64/bin/../lib/gcc/aarch64-none-elf/9.2.0/pic/crtbegin.o
 *fill*         0x00000000000006e4        0xc 
 .text._ZL13stbtt__isfontPh
                0x00000000000006f0       0xec main.o
 *fill*         0x00000000000007dc        0x4 
 .text._ZL17stbtt__find_tablePhjPKc
                0x00000000000007e0       0xbc main.o
 *fill*         0x000000000000089c        0x4 
 .text._ZL36stbtt_GetFontOffsetForIndex_internalPhi
                0x00000000000008a0       0xf0 main.o
 .text._ZL19stbtt__track_vertexP12stbtt__csctxii
                0x0000000000000990       0xa4 main.o
 *fill*         0x0000000000000a34        0xc 
 .text._ZL14stbtt__csctx_vP12stbtt__csctxhiiiiii
                0x0000000000000a40       0xa0 main.o
 .text._ZL24stbtt__csctx_close_shapeP12stbtt__csctx
                0x0000000000000ae0       0x40 main.o
 .text._ZL21stbtt__csctx_rmove_toP12stbtt__csctxff
                0x0000000000000b20       0x54 main.o
 *fill*         0x0000000000000b74        0xc 
 .text._ZL21stbtt__csctx_rline_toP12stbtt__csctxff
                0x0000000000000b80       0x30 main.o
 .text._ZL23stbtt__csctx_rccurve_toP12stbtt__csctxffffff
                0x0000000000000bb0       0x40 main.o
 .text._ZL27stbtt__sort_edges_quicksortP11stbtt__edgei
                0x0000000000000bf0      0x1c0 main.o
 .text._ZL22stbtt__tesselate_curveP12stbtt__pointPifffffffi
                0x0000000000000db0      0x130 main.o
 .text._ZN3tsl3elm7Element12requestFocusEPS1_NS_14FocusDirectionE
                0x0000000000000ee0        0x8 main.o
                0x0000000000000ee0                tsl::elm::Element::requestFocus(tsl::elm::Element*, tsl::FocusDirection)
 *fill*         0x0000000000000ee8        0x8 
 .text._ZN3tsl3elm7Element11handleInputEmm13touchPosition16JoystickPositionS3_
                0x0000000000000ef0        0x8 main.o
                0x0000000000000ef0                tsl::elm::Element::handleInput(unsigned long, unsigned long, touchPosition, JoystickPosition, JoystickPosition)
 *fill*         0x0000000000000ef8        0x8 
 .text._ZN3tsl3elm7Element7onTouchENS0_10TouchEventEiiiiii
                0x0000000000000f00        0x8 main.o
                0x0000000000000f00                tsl::elm::Element::onTouch(tsl::elm::TouchEvent, int, int, int, int, int, int)
 *fill*         0x0000000000000f08        0x8 
 .text._ZN3tsl3elm7Element21triggerClickAnimationEv
                0x0000000000000f10        0xc main.o
                0x0000000000000f10                tsl::elm::Element::triggerClickAnimation()
 *fill*         0x0000000000000f1c        0x4 
 .text._ZN3tsl3elm7Element13setBoundariesEiiii
                0x0000000000000f20        0xc main.o
                0x0000000000000f20                tsl::elm::Element::setBoundaries(int, int, int, int)
 *fill*         0x0000000000000f2c        0x4 
 .text._ZN3tsl3elm7Element4getXEv
                0x0000000000000f30        0x8 main.o
                0x0000000000000f30                tsl::elm::Element::getX()
 *fill*         0x0000000000000f38        0x8 
 .text._ZN3tsl3elm7Element4getYEv
                0x0000000000000f40        0x8 main.o
                0x0000000000000f40                tsl::elm::Element::getY()
 *fill*         0x0000000000000f48        0x8 
 .text._ZN3tsl3elm7Element8getWidthEv
                0x0000000000000f50        0x8 main.o
                0x0000000000000f50                tsl::elm::Element::getWidth()
 *fill*         0x0000000000000f58        0x8 
 .text._ZN3tsl3elm7Element9getHeightEv
                0x0000000000000f60        0x8 main.o
                0x0000000000000f60                tsl::elm::Element::getHeight()
 *fill*         0x0000000000000f68        0x8 
 .text._ZN3tsl3elm7Element9setParentEPS1_
                0x0000000000000f70        0x8 main.o
                0x0000000000000f70                tsl::elm::Element::setParent(tsl::elm::Element*)
 *fill*         0x0000000000000f78        0x8 
 .text._ZN3tsl3elm7Element9getParentEv
                0x0000000000000f80        0x8 main.o
                0x0000000000000f80                tsl::elm::Element::getParent()
 *fill*         0x0000000000000f88        0x8 
 .text._ZN3tsl3elm7Element10setFocusedEb
                0x0000000000000f90        0x8 main.o
                0x0000000000000f90                tsl::elm::Element::setFocused(bool)
 *fill*         0x0000000000000f98        0x8 
 .text._ZN3tsl3elm12OverlayFrame12requestFocusEPNS0_7ElementENS_14FocusDirectionE
                0x0000000000000fa0       0x20 main.o
                0x0000000000000fa0                tsl::elm::OverlayFrame::requestFocus(tsl::elm::Element*, tsl::FocusDirection)
 .text._ZN3tsl3elm12OverlayFrame7onTouchENS0_10TouchEventEiiiiii
                0x0000000000000fc0       0x54 main.o
                0x0000000000000fc0                tsl::elm::OverlayFrame::onTouch(tsl::elm::TouchEvent, int, int, int, int, int, int)
 *fill*         0x0000000000001014        0xc 
 .text._ZN3tsl3elm4List5clearEv
                0x0000000000001020        0xc main.o
                0x0000000000001020                tsl::elm::List::clear()
 *fill*         0x000000000000102c        0x4 
 .text._ZN3tsl3elm8ListItem6layoutEtttt
                0x0000000000001030        0xc main.o
                0x0000000000001030                tsl::elm::ListItem::layout(unsigned short, unsigned short, unsigned short, unsigned short)
 *fill*         0x000000000000103c        0x4 
 .text._ZN3tsl3elm8ListItem10setFocusedEb
                0x0000000000001040       0x14 main.o
                0x0000000000001040                tsl::elm::ListItem::setFocused(bool)
 *fill*         0x0000000000001054        0xc 
 .text._ZN3tsl3elm8ListItem12requestFocusEPNS0_7ElementENS_14FocusDirectionE
                0x0000000000001060        0x4 main.o
                0x0000000000001060                tsl::elm::ListItem::requestFocus(tsl::elm::Element*, tsl::FocusDirection)
 *fill*         0x0000000000001064        0xc 
 .text._ZN3tsl3elm14CategoryHeader7onClickEm
                0x0000000000001070        0x8 main.o
                0x0000000000001070                tsl::elm::CategoryHeader::onClick(unsigned long)
 *fill*         0x0000000000001078        0x8 
 .text._ZN3tsl3elm14CategoryHeader12requestFocusEPNS0_7ElementENS_14FocusDirectionE
                0x0000000000001080        0x8 main.o
                0x0000000000001080                tsl::elm::CategoryHeader::requestFocus(tsl::elm::Element*, tsl::FocusDirection)
 *fill*         0x0000000000001088        0x8 
 .text._ZN3tsl3Gui6updateEv
                0x0000000000001090        0x4 main.o
                0x0000000000001090                tsl::Gui::update()
 *fill*         0x0000000000001094        0xc 
 .text._ZN3tsl3Gui11handleInputEmm13touchPosition16JoystickPositionS2_
                0x00000000000010a0        0x8 main.o
                0x00000000000010a0                tsl::Gui::handleInput(unsigned long, unsigned long, touchPosition, JoystickPosition, JoystickPosition)
 *fill*         0x00000000000010a8        0x8 
 .text._ZN3tsl3Gui13getTopElementEv
                0x00000000000010b0        0x8 main.o
                0x00000000000010b0                tsl::Gui::getTopElement()
 *fill*         0x00000000000010b8        0x8 
 .text._ZN3tsl3Gui17getFocusedElementEv
                0x00000000000010c0        0x8 main.o
                0x00000000000010c0                tsl::Gui::getFocusedElement()
 *fill*         0x00000000000010c8        0x8 
 .text._ZN3tsl3Gui12restoreFocusEv
                0x00000000000010d0        0x8 main.o
                0x00000000000010d0                tsl::Gui::restoreFocus()
 *fill*         0x00000000000010d8        0x8 
 .text._ZN3tsl3Gui4drawEPNS_3gfx8RendererE
                0x00000000000010e0       0x1c main.o
                0x00000000000010e0                tsl::Gui::draw(tsl::gfx::Renderer*)
 *fill*         0x00000000000010fc        0x4 
 .text._ZN3tsl3Gui15initialFocusSetEv
                0x0000000000001100        0x8 main.o
                0x0000000000001100                tsl::Gui::initialFocusSet()
 *fill*         0x0000000000001108        0x8 
 .text._ZN3tsl3Gui19markInitialFocusSetEv
                0x0000000000001110        0xc main.o
                0x0000000000001110                tsl::Gui::markInitialFocusSet()
 *fill*         0x000000000000111c        0x4 
 .text._ZN3tsl7Overlay12initServicesEv
                0x0000000000001120        0x4 main.o
                0x0000000000001120                tsl::Overlay::initServices()
 *fill*         0x0000000000001124        0xc 
 .text._ZN3tsl7Overlay12exitServicesEv
                0x0000000000001130        0x4 main.o
                0x0000000000001130                tsl::Overlay::exitServices()
 *fill*         0x0000000000001134        0xc 
 .text._ZN3tsl7Overlay6onShowEv
                0x0000000000001140        0x4 main.o
                0x0000000000001140                tsl::Overlay::onShow()
 *fill*         0x0000000000001144        0xc 
 .text._ZN3tsl7Overlay6onHideEv
                0x0000000000001150        0x4 main.o
                0x0000000000001150                tsl::Overlay::onHide()
 *fill*         0x0000000000001154        0xc 
 .text._ZN3tsl7Overlay13getCurrentGuiEv
                0x0000000000001160        0xc main.o
                0x0000000000001160                tsl::Overlay::getCurrentGui()
 *fill*         0x000000000000116c        0x4 
 .text._ZN3tsl7Overlay4showEv
                0x0000000000001170       0x60 main.o
                0x0000000000001170                tsl::Overlay::show()
 .text._ZN3tsl7Overlay4hideEv
                0x00000000000011d0       0x38 main.o
                0x00000000000011d0                tsl::Overlay::hide()
 *fill*         0x0000000000001208        0x8 
 .text._ZN3tsl7Overlay20fadeAnimationPlayingEv
                0x0000000000001210       0x14 main.o
                0x0000000000001210                tsl::Overlay::fadeAnimationPlaying()
 *fill*         0x0000000000001224        0xc 
 .text._ZN3tsl7Overlay5closeEv
                0x0000000000001230        0xc main.o
                0x0000000000001230                tsl::Overlay::close()
 *fill*         0x000000000000123c        0x4 
 .text._ZN3tsl7Overlay10shouldHideEv
                0x0000000000001240        0x8 main.o
                0x0000000000001240                tsl::Overlay::shouldHide()
 *fill*         0x0000000000001248        0x8 
 .text._ZN3tsl7Overlay11shouldCloseEv
                0x0000000000001250        0x8 main.o
                0x0000000000001250                tsl::Overlay::shouldClose()
 *fill*         0x0000000000001258        0x8 
 .text._ZN3tsl7Overlay13animationLoopEv
                0x0000000000001260       0xdc main.o
                0x0000000000001260                tsl::Overlay::animationLoop()
 *fill*         0x000000000000133c        0x4 
 .text._ZN3tsl7Overlay10resetFlagsEv
                0x0000000000001340        0x8 main.o
                0x0000000000001340                tsl::Overlay::resetFlags()
 *fill*         0x0000000000001348        0x8 
 .text._ZN3tsl7Overlay20disableNextAnimationEv
                0x0000000000001350        0xc main.o
                0x0000000000001350                tsl::Overlay::disableNextAnimation()
 *fill*         0x000000000000135c        0x4 
 .text._ZN7GuiTest6updateEv
                0x0000000000001360        0x4 main.o
                0x0000000000001360                GuiTest::update()
 *fill*         0x0000000000001364        0xc 
 .text._ZN7GuiTest11handleInputEmm13touchPosition16JoystickPositionS1_
                0x0000000000001370        0x8 main.o
                0x0000000000001370                GuiTest::handleInput(unsigned long, unsigned long, touchPosition, JoystickPosition, JoystickPosition)
 *fill*         0x0000000000001378        0x8 
 .text._ZN11OverlayTest6onShowEv
                0x0000000000001380        0x4 main.o
                0x0000000000001380                OverlayTest::onShow()
 *fill*         0x0000000000001384        0xc 
 .text._ZN11OverlayTest6onHideEv
                0x0000000000001390        0x4 main.o
                0x0000000000001390                OverlayTest::onHide()
 *fill*         0x0000000000001394        0xc 
 .text._ZNSt14_Function_base13_Base_managerIZN3tsl3hlp3iniL19readOverlaySettingsEvEUlvE_E10_M_managerERSt9_Any_dataRKS6_St18_Manager_operation
                0x00000000000013a0       0x3c main.o
 *fill*         0x00000000000013dc        0x4 
 .text._ZNSt14_Function_base13_Base_managerIZN3tsl3hlp3iniL19readOverlaySettingsEvEUlvE0_E10_M_managerERSt9_Any_dataRKS6_St18_Manager_operation
                0x00000000000013e0       0x40 main.o
 .text._ZNSt14_Function_base13_Base_managerIZN3tsl3gfx8Renderer4initEvEUlvE_E10_M_managerERSt9_Any_dataRKS6_St18_Manager_operation
                0x0000000000001420       0x3c main.o
                0x0000000000001420                std::_Function_base::_Base_manager<tsl::gfx::Renderer::init()::{lambda()#1}>::_M_manager(std::_Any_data&, std::_Function_base::_Base_manager<tsl::gfx::Renderer::init()::{lambda()#1}> const&, std::_Manager_operation)
 *fill*         0x000000000000145c        0x4 
 .text._ZNSt17_Function_handlerIFbmEN3tsl3elm7Element15m_clickListenerMUlmE_EE9_M_invokeERKSt9_Any_dataOm
                0x0000000000001460        0x8 main.o
                0x0000000000001460                std::_Function_handler<bool (unsigned long), tsl::elm::Element::m_clickListener::{lambda(unsigned long)#1}>::_M_invoke(std::_Any_data const&, unsigned long&&)
 *fill*         0x0000000000001468        0x8 
 .text._ZNSt14_Function_base13_Base_managerIN3tsl3elm7Element15m_clickListenerMUlmE_EE10_M_managerERSt9_Any_dataRKS6_St18_Manager_operation
                0x0000000000001470       0x3c main.o
                0x0000000000001470                std::_Function_base::_Base_manager<tsl::elm::Element::m_clickListener::{lambda(unsigned long)#1}>::_M_manager(std::_Any_data&, tsl::elm::Element::m_clickListener::{lambda(unsigned long)#1} const&, std::_Manager_operation)
 *fill*         0x00000000000014ac        0x4 
 .text._ZNSt14_Function_base13_Base_managerIZ9__appInitEUlvE_E10_M_managerERSt9_Any_dataRKS3_St18_Manager_operation
                0x00000000000014b0       0x40 main.o
 .text._ZNSt14_Function_base13_Base_managerIZN7GuiTest8createUIEvEUlmE_E10_M_managerERSt9_Any_dataRKS4_St18_Manager_operation
                0x00000000000014f0       0x3c main.o
                0x00000000000014f0                std::_Function_base::_Base_manager<GuiTest::createUI()::{lambda(unsigned long)#1}>::_M_manager(std::_Any_data&, std::_Function_base::_Base_manager<GuiTest::createUI()::{lambda(unsigned long)#1}> const&, std::_Manager_operation)
 *fill*         0x000000000000152c        0x4 
 .text._ZNSt14_Function_base13_Base_managerIZN7GuiTest8createUIEvEUlmE0_E10_M_managerERSt9_Any_dataRKS4_St18_Manager_operation
                0x0000000000001530       0x3c main.o
                0x0000000000001530                std::_Function_base::_Base_manager<GuiTest::createUI()::{lambda(unsigned long)#2}>::_M_manager(std::_Any_data&, std::_Function_base::_Base_manager<GuiTest::createUI()::{lambda(unsigned long)#2}> const&, std::_Manager_operation)
 *fill*         0x000000000000156c        0x4 
 .text._ZN7GuiTestD2Ev
                0x0000000000001570       0x2c main.o
                0x0000000000001570                GuiTest::~GuiTest()
                0x0000000000001570                GuiTest::~GuiTest()
 *fill*         0x000000000000159c        0x4 
 .text._ZN3tsl3elm4List14getIndexInListEPNS0_7ElementE
                0x00000000000015a0       0xf0 main.o
                0x00000000000015a0                tsl::elm::List::getIndexInList(tsl::elm::Element*)
 .text._ZNSt17_Function_handlerIFvvEZN3tsl4loopI11OverlayTestLNS1_4impl11LaunchFlagsE1EEEiiPPcEUlvE_E9_M_invokeERKSt9_Any_data
                0x0000000000001690       0x18 main.o
                0x0000000000001690                std::_Function_handler<void (), tsl::loop<OverlayTest, (tsl::impl::LaunchFlags)1>(int, char**)::{lambda()#1}>::_M_invoke(std::_Any_data const&)
 *fill*         0x00000000000016a8        0x8 
 .text._ZNSt14_Function_base13_Base_managerIZN3tsl4loopI11OverlayTestLNS1_4impl11LaunchFlagsE1EEEiiPPcEUlvE_E10_M_managerERSt9_Any_dataRKSA_St18_Manager_operation
                0x00000000000016b0       0x3c main.o
                0x00000000000016b0                std::_Function_base::_Base_manager<tsl::loop<OverlayTest, (tsl::impl::LaunchFlags)1>(int, char**)::{lambda()#1}>::_M_manager(std::_Any_data&, std::_Function_base::_Base_manager<tsl::loop<OverlayTest, (tsl::impl::LaunchFlags)1>(int, char**)::{lambda()#1}> const&, std::_Manager_operation)
 *fill*         0x00000000000016ec        0x4 
 .text._ZL20stbtt__GetGlyfOffsetPK14stbtt_fontinfoi
                0x00000000000016f0      0x110 main.o
 .text._ZL22stbtt__tesselate_cubicP12stbtt__pointPifffffffffi
                0x0000000000001800      0x260 main.o
 .text._ZN3tsl3elm7Element7onClickEm
                0x0000000000001a60       0x30 main.o
                0x0000000000001a60                tsl::elm::Element::onClick(unsigned long)
 .text._ZN3tsl3elm8ListItem7onClickEm
                0x0000000000001a90       0x4c main.o
                0x0000000000001a90                tsl::elm::ListItem::onClick(unsigned long)
 *fill*         0x0000000000001adc        0x4 
 .text._ZN11OverlayTest14loadInitialGuiEv
                0x0000000000001ae0       0x44 main.o
                0x0000000000001ae0                OverlayTest::loadInitialGui()
 *fill*         0x0000000000001b24        0xc 
 .text._ZN3tsl4implL19powerButtonDetectorEPv
                0x0000000000001b30       0xac main.o
 *fill*         0x0000000000001bdc        0x4 
 .text._ZN3tsl4implL18homeButtonDetectorEPv
                0x0000000000001be0       0xac main.o
 *fill*         0x0000000000001c8c        0x4 
 .text._ZNSt17_Function_handlerIFvvEZN3tsl3hlp3iniL19readOverlaySettingsEvEUlvE_E9_M_invokeERKSt9_Any_data
                0x0000000000001c90        0x8 main.o
 *fill*         0x0000000000001c98        0x8 
 .text._ZNSt17_Function_handlerIFvvEZN3tsl3hlp3iniL19readOverlaySettingsEvEUlvE0_E9_M_invokeERKSt9_Any_data
                0x0000000000001ca0        0x8 main.o
 *fill*         0x0000000000001ca8        0x8 
 .text._ZN3tsl3elm8ListItemD2Ev
                0x0000000000001cb0       0xa8 main.o
                0x0000000000001cb0                tsl::elm::ListItem::~ListItem()
                0x0000000000001cb0                tsl::elm::ListItem::~ListItem()
 *fill*         0x0000000000001d58        0x8 
 .text._ZN3tsl3elm12OverlayFrameD2Ev
                0x0000000000001d60       0x94 main.o
                0x0000000000001d60                tsl::elm::OverlayFrame::~OverlayFrame()
                0x0000000000001d60                tsl::elm::OverlayFrame::~OverlayFrame()
 *fill*         0x0000000000001df4        0xc 
 .text._ZN3tsl3gfx8RendererD2Ev
                0x0000000000001e00       0x10 main.o
                0x0000000000001e00                tsl::gfx::Renderer::~Renderer()
                0x0000000000001e00                tsl::gfx::Renderer::~Renderer()
 .text._ZN3tsl3elm4ListD2Ev
                0x0000000000001e10       0xac main.o
                0x0000000000001e10                tsl::elm::List::~List()
                0x0000000000001e10                tsl::elm::List::~List()
 *fill*         0x0000000000001ebc        0x4 
 .text._ZNSt7__cxx114listIN3tsl4impl7KeyInfoESaIS3_EED2Ev
                0x0000000000001ec0       0x40 main.o
                0x0000000000001ec0                std::__cxx11::list<tsl::impl::KeyInfo, std::allocator<tsl::impl::KeyInfo> >::~list()
                0x0000000000001ec0                std::__cxx11::list<tsl::impl::KeyInfo, std::allocator<tsl::impl::KeyInfo> >::~list()
 .text._ZN7GuiTestD0Ev
                0x0000000000001f00       0x44 main.o
                0x0000000000001f00                GuiTest::~GuiTest()
 *fill*         0x0000000000001f44        0xc 
 .text._ZN3tsl3elm7Element14shakeHighlightENS_14FocusDirectionE
                0x0000000000001f50       0x30 main.o
                0x0000000000001f50                tsl::elm::Element::shakeHighlight(tsl::FocusDirection)
 .text._ZN3tsl3Gui12requestFocusEPNS_3elm7ElementENS_14FocusDirectionEb
                0x0000000000001f80       0xa8 main.o
                0x0000000000001f80                tsl::Gui::requestFocus(tsl::elm::Element*, tsl::FocusDirection, bool)
 *fill*         0x0000000000002028        0x8 
 .text._ZN3tsl3elm8ListItem8setValueERKNSt7__cxx1112basic_stringIcSt11char_traitsIcESaIcEEEb
                0x0000000000002030       0x30 main.o
                0x0000000000002030                tsl::elm::ListItem::setValue(std::__cxx11::basic_string<char, std::char_traits<char>, std::allocator<char> > const&, bool)
 .text._ZN3tsl3elm12OverlayFrame11setSubtitleERKNSt7__cxx1112basic_stringIcSt11char_traitsIcESaIcEEE
                0x0000000000002060        0x8 main.o
                0x0000000000002060                tsl::elm::OverlayFrame::setSubtitle(std::__cxx11::basic_string<char, std::char_traits<char>, std::allocator<char> > const&)
 *fill*         0x0000000000002068        0x8 
 .text._ZN3tsl3elm12OverlayFrame8setTitleERKNSt7__cxx1112basic_stringIcSt11char_traitsIcESaIcEEE
                0x0000000000002070        0x8 main.o
                0x0000000000002070                tsl::elm::OverlayFrame::setTitle(std::__cxx11::basic_string<char, std::char_traits<char>, std::allocator<char> > const&)
 *fill*         0x0000000000002078        0x8 
 .text._ZNSt17_Function_handlerIFbmEZN7GuiTest8createUIEvEUlmE_E9_M_invokeERKSt9_Any_dataOm
                0x0000000000002080       0x28 main.o
                0x0000000000002080                std::_Function_handler<bool (unsigned long), GuiTest::createUI()::{lambda(unsigned long)#1}>::_M_invoke(std::_Any_data const&, unsigned long&&)
 *fill*         0x00000000000020a8        0x8 
 .text._ZNSt17_Function_handlerIFbmEZN7GuiTest8createUIEvEUlmE0_E9_M_invokeERKSt9_Any_dataOm
                0x00000000000020b0       0x28 main.o
                0x00000000000020b0                std::_Function_handler<bool (unsigned long), GuiTest::createUI()::{lambda(unsigned long)#2}>::_M_invoke(std::_Any_data const&, unsigned long&&)
 *fill*         0x00000000000020d8        0x8 
 .text._ZN11OverlayTest12exitServicesEv
                0x00000000000020e0        0x4 main.o
                0x00000000000020e0                OverlayTest::exitServices()
 *fill*         0x00000000000020e4        0xc 
 .text._ZN11OverlayTest12initServicesEv
                0x00000000000020f0        0x4 main.o
                0x00000000000020f0                OverlayTest::initServices()
 *fill*         0x00000000000020f4        0xc 
 .text._ZN3tsl3hlpL28hidsysEnableAppletToGetInputEbm
                0x0000000000002100      0x110 main.o
 .text._ZN3tsl3hlpL17requestForegroundEb
                0x0000000000002210       0x94 main.o
 *fill*         0x00000000000022a4        0xc 
 .text._ZL18stbtt__close_shapeP12stbtt_vertexiiiiiiiii
                0x00000000000022b0       0xc4 main.o
 *fill*         0x0000000000002374        0xc 
 .text._ZN3tsl3elm7Element10invalidateEv
                0x0000000000002380       0x48 main.o
                0x0000000000002380                tsl::elm::Element::invalidate()
 *fill*         0x00000000000023c8        0x8 
 .text._ZL15stbtt__buf_seekP10stbtt__bufi.isra.0.part.0
                0x00000000000023d0       0x28 main.o
 *fill*         0x00000000000023f8        0x8 
 .text._ZL14stbtt__buf_getP10stbtt__bufi
                0x0000000000002400       0x78 main.o
 *fill*         0x0000000000002478        0x8 
 .text._ZL20stbtt__cff_index_get10stbtt__bufi
                0x0000000000002480      0x15c main.o
 *fill*         0x00000000000025dc        0x4 
 .text._ZL20stbtt__cff_get_indexP10stbtt__buf
                0x00000000000025e0      0x108 main.o
 *fill*         0x00000000000026e8        0x8 
 .text._ZL14stbtt__cff_intP10stbtt__buf
                0x00000000000026f0       0xe4 main.o
 *fill*         0x00000000000027d4        0xc 
 .text._ZL20stbtt__dict_get_intsP10stbtt__bufiiPj
                0x00000000000027e0      0x1a8 main.o
 *fill*         0x0000000000002988        0x8 
 .text._ZL16stbtt__get_subrs10stbtt__bufS_
                0x0000000000002990       0xd8 main.o
 *fill*         0x0000000000002a68        0x8 
 .text._ZL23stbtt_InitFont_internalP14stbtt_fontinfoPhi
                0x0000000000002a70      0x464 main.o
 *fill*         0x0000000000002ed4        0xc 
 .text._ZL21stbtt__run_charstringPK14stbtt_fontinfoiP12stbtt__csctx
                0x0000000000002ee0      0xa28 main.o
 *fill*         0x0000000000003908        0x8 
 .text._ZL26stbtt__handle_clipped_edgePfiP18stbtt__active_edgeffff
                0x0000000000003910      0x284 main.o
 *fill*         0x0000000000003b94        0xc 
 .text._ZNSt17_Function_handlerIFvvEZ9__appInitEUlvE_E9_M_invokeERKSt9_Any_data
                0x0000000000003ba0       0x44 main.o
 *fill*         0x0000000000003be4        0xc 
 .text._ZNSt17_Function_handlerIFvvEZN3tsl3gfx8Renderer4initEvEUlvE_E9_M_invokeERKSt9_Any_data
                0x0000000000003bf0      0x1cc main.o
                0x0000000000003bf0                std::_Function_handler<void (), tsl::gfx::Renderer::init()::{lambda()#1}>::_M_invoke(std::_Any_data const&)
 *fill*         0x0000000000003dbc        0x4 
 .text._ZN3tsl3elm8ListItem7onTouchENS0_10TouchEventEiiiiii
                0x0000000000003dc0       0xb4 main.o
                0x0000000000003dc0                tsl::elm::ListItem::onTouch(tsl::elm::TouchEvent, int, int, int, int, int, int)
 *fill*         0x0000000000003e74        0xc 
 .text._ZN3tsl3elm7Element14shakeAnimationENSt6chrono8durationIlSt5ratioILl1ELl1000000000EEEEf.isra.0
                0x0000000000003e80       0x70 main.o
 .text._ZN3tsl3elm4List18updateScrollOffsetEv
                0x0000000000003ef0       0xa4 main.o
                0x0000000000003ef0                tsl::elm::List::updateScrollOffset()
 *fill*         0x0000000000003f94        0xc 
 .text._ZN3tsl3elm4List7onTouchENS0_10TouchEventEiiiiii
                0x0000000000003fa0      0x194 main.o
                0x0000000000003fa0                tsl::elm::List::onTouch(tsl::elm::TouchEvent, int, int, int, int, int, int)
 *fill*         0x0000000000004134        0xc 
 .text._ZL29stbtt__rasterize_sorted_edgesP13stbtt__bitmapP11stbtt__edgeiiiiPv.isra.0
                0x0000000000004140      0x9ac main.o
 *fill*         0x0000000000004aec        0x4 
 .text._ZN3tsl3elm7Element16setClickListenerESt8functionIFbmEE
                0x0000000000004af0       0x74 main.o
                0x0000000000004af0                tsl::elm::Element::setClickListener(std::function<bool (unsigned long)>)
 *fill*         0x0000000000004b64        0xc 
 .text._ZN3tsl3Gui11removeFocusEPNS_3elm7ElementE
                0x0000000000004b70       0x50 main.o
                0x0000000000004b70                tsl::Gui::removeFocus(tsl::elm::Element*)
 .text._ZN3tsl3elm8ListItem7setTextERKNSt7__cxx1112basic_stringIcSt11char_traitsIcESaIcEEE
                0x0000000000004bc0       0x60 main.o
                0x0000000000004bc0                tsl::elm::ListItem::setText(std::__cxx11::basic_string<char, std::char_traits<char>, std::allocator<char> > const&)
 .text._ZN3tsl7Overlay10initScreenEv
                0x0000000000004c20      0x120 main.o
                0x0000000000004c20                tsl::Overlay::initScreen()
 .text._ZN3tsl7Overlay10exitScreenEv
                0x0000000000004d40       0xc0 main.o
                0x0000000000004d40                tsl::Overlay::exitScreen()
 .text._ZN3tsl3elm12OverlayFrameD0Ev
                0x0000000000004e00       0x90 main.o
                0x0000000000004e00                tsl::elm::OverlayFrame::~OverlayFrame()
 .text._ZN3tsl7Overlay11clearScreenEv
                0x0000000000004e90       0xd8 main.o
                0x0000000000004e90                tsl::Overlay::clearScreen()
 *fill*         0x0000000000004f68        0x8 
 .text._ZN3tsl3elm4ListD0Ev
                0x0000000000004f70       0xa4 main.o
                0x0000000000004f70                tsl::elm::List::~List()
 *fill*         0x0000000000005014        0xc 
 .text._ZN3tsl7Overlay4loopEv
                0x0000000000005020      0x1b4 main.o
                0x0000000000005020                tsl::Overlay::loop()
 *fill*         0x00000000000051d4        0xc 
 .text._ZN3tsl3elm14CategoryHeader6layoutEtttt
                0x00000000000051e0      0x170 main.o
                0x00000000000051e0                tsl::elm::CategoryHeader::layout(unsigned short, unsigned short, unsigned short, unsigned short)
 .text._ZN3tsl3elm4List6layoutEtttt
                0x0000000000005350      0x100 main.o
                0x0000000000005350                tsl::elm::List::layout(unsigned short, unsigned short, unsigned short, unsigned short)
 .text._ZN3tsl3elm14CategoryHeaderD2Ev
                0x0000000000005450       0xa8 main.o
                0x0000000000005450                tsl::elm::CategoryHeader::~CategoryHeader()
                0x0000000000005450                tsl::elm::CategoryHeader::~CategoryHeader()
 *fill*         0x00000000000054f8        0x8 
 .text._ZN3tsl3elm8ListItemD0Ev
                0x0000000000005500       0xa4 main.o
                0x0000000000005500                tsl::elm::ListItem::~ListItem()
 *fill*         0x00000000000055a4        0xc 
 .text._ZN3tsl3elm14CategoryHeaderD0Ev
                0x00000000000055b0       0xa4 main.o
                0x00000000000055b0                tsl::elm::CategoryHeader::~CategoryHeader()
 *fill*         0x0000000000005654        0xc 
 .text._ZN3tsl3elm7Element18drawClickAnimationEPNS_3gfx8RendererE
                0x0000000000005660      0x26c main.o
                0x0000000000005660                tsl::elm::Element::drawClickAnimation(tsl::gfx::Renderer*)
 *fill*         0x00000000000058cc        0x4 
 .text._ZN3tsl3elm7Element13drawHighlightEPNS_3gfx8RendererE
                0x00000000000058d0      0x964 main.o
                0x00000000000058d0                tsl::elm::Element::drawHighlight(tsl::gfx::Renderer*)
 *fill*         0x0000000000006234        0xc 
 .text._ZN3tsl3elm7Element19drawFocusBackgroundEPNS_3gfx8RendererE
                0x0000000000006240      0x494 main.o
                0x0000000000006240                tsl::elm::Element::drawFocusBackground(tsl::gfx::Renderer*)
 *fill*         0x00000000000066d4        0xc 
 .text._ZN3tsl3elm4List12requestFocusEPNS0_7ElementENS_14FocusDirectionE
                0x00000000000066e0      0x418 main.o
                0x00000000000066e0                tsl::elm::List::requestFocus(tsl::elm::Element*, tsl::FocusDirection)
 *fill*         0x0000000000006af8        0x8 
 .text._ZN3tsl3elm12OverlayFrame10setContentEPNS0_7ElementE
                0x0000000000006b00       0xa0 main.o
                0x0000000000006b00                tsl::elm::OverlayFrame::setContent(tsl::elm::Element*)
 .text._ZN3tsl3elm12OverlayFrame6layoutEtttt
                0x0000000000006ba0       0x88 main.o
                0x0000000000006ba0                tsl::elm::OverlayFrame::layout(unsigned short, unsigned short, unsigned short, unsigned short)
 *fill*         0x0000000000006c28        0x8 
 .text.stbtt_FindGlyphIndex
                0x0000000000006c30      0x434 main.o
                0x0000000000006c30                stbtt_FindGlyphIndex
 *fill*         0x0000000000007064        0xc 
 .text.stbtt_GetGlyphBox
                0x0000000000007070      0x18c main.o
                0x0000000000007070                stbtt_GetGlyphBox
 *fill*         0x00000000000071fc        0x4 
 .text.stbtt_GetGlyphShape
                0x0000000000007200      0x960 main.o
                0x0000000000007200                stbtt_GetGlyphShape
 .text.stbtt_GetGlyphHMetrics
                0x0000000000007b60       0xe4 main.o
                0x0000000000007b60                stbtt_GetGlyphHMetrics
 *fill*         0x0000000000007c44        0xc 
 .text.stbtt_GetGlyphBitmapBoxSubpixel
                0x0000000000007c50      0x114 main.o
                0x0000000000007c50                stbtt_GetGlyphBitmapBoxSubpixel
 *fill*         0x0000000000007d64        0xc 
 .text.stbtt_Rasterize
                0x0000000000007d70      0x4d4 main.o
                0x0000000000007d70                stbtt_Rasterize
 *fill*         0x0000000000008244        0xc 
 .text.stbtt_GetGlyphBitmapSubpixel
                0x0000000000008250      0x17c main.o
                0x0000000000008250                stbtt_GetGlyphBitmapSubpixel
 *fill*         0x00000000000083cc        0x4 
 .text.stbtt_GetCodepointBitmap
                0x00000000000083d0       0x78 main.o
                0x00000000000083d0                stbtt_GetCodepointBitmap
 *fill*         0x0000000000008448        0x8 
 .text._ZN3tsl3gfx8Renderer16setPixelBlendDstEiiNS0_5ColorE
                0x0000000000008450      0x198 main.o
                0x0000000000008450                tsl::gfx::Renderer::setPixelBlendDst(int, int, tsl::gfx::Color)
 *fill*         0x00000000000085e8        0x8 
 .text._ZN3tsl3gfx8Renderer10drawCircleEiitbNS0_5ColorE
                0x00000000000085f0      0x8d0 main.o
                0x00000000000085f0                tsl::gfx::Renderer::drawCircle(int, int, unsigned short, bool, tsl::gfx::Color)
 .text._ZN3tsl3gfx8Renderer10drawStringEPKcbiifNS0_5ColorElPm
                0x0000000000008ec0      0x4fc main.o
                0x0000000000008ec0                tsl::gfx::Renderer::drawString(char const*, bool, int, int, float, tsl::gfx::Color, long, unsigned long*)
 *fill*         0x00000000000093bc        0x4 
 .text._ZN3tsl3elm14CategoryHeader4drawEPNS_3gfx8RendererE
                0x00000000000093c0      0x480 main.o
                0x00000000000093c0                tsl::elm::CategoryHeader::draw(tsl::gfx::Renderer*)
 .text._ZN3tsl7Overlay6goBackEv
                0x0000000000009840       0xd4 main.o
                0x0000000000009840                tsl::Overlay::goBack()
 *fill*         0x0000000000009914        0xc 
 .text._ZN3tsl7Overlay11handleInputEmmb13touchPosition16JoystickPositionS2_
                0x0000000000009920      0x5c0 main.o
                0x0000000000009920                tsl::Overlay::handleInput(unsigned long, unsigned long, bool, touchPosition, JoystickPosition, JoystickPosition)
 .text.__appInit
                0x0000000000009ee0       0x68 main.o
                0x0000000000009ee0                __appInit
 *fill*         0x0000000000009f48        0x8 
 .text.__appExit
                0x0000000000009f50       0x24 main.o
                0x0000000000009f50                __appExit
 *fill*         0x0000000000009f74        0xc 
 .text._ZN3tsl4loopI11OverlayTestLNS_4impl11LaunchFlagsE1EEEiiPPc
                0x0000000000009f80      0x91c main.o
                0x0000000000009f80                int tsl::loop<OverlayTest, (tsl::impl::LaunchFlags)1>(int, char**)
 *fill*         0x000000000000a89c        0x4 
 .text._ZNSt8_Rb_treeINSt7__cxx1112basic_stringIcSt11char_traitsIcESaIcEEESt4pairIKS5_S5_ESt10_Select1stIS8_ESt4lessIS5_ESaIS8_EE8_M_eraseEPSt13_Rb_tree_nodeIS8_E
                0x000000000000a8a0       0x78 main.o
                0x000000000000a8a0                std::_Rb_tree<std::__cxx11::basic_string<char, std::char_traits<char>, std::allocator<char> >, std::pair<std::__cxx11::basic_string<char, std::char_traits<char>, std::allocator<char> > const, std::__cxx11::basic_string<char, std::char_traits<char>, std::allocator<char> > >, std::_Select1st<std::pair<std::__cxx11::basic_string<char, std::char_traits<char>, std::allocator<char> > const, std::__cxx11::basic_string<char, std::char_traits<char>, std::allocator<char> > > >, std::less<std::__cxx11::basic_string<char, std::char_traits<char>, std::allocator<char> > >, std::allocator<std::pair<std::__cxx11::basic_string<char, std::char_traits<char>, std::allocator<char> > const, std::__cxx11::basic_string<char, std::char_traits<char>, std::allocator<char> > > > >::_M_erase(std::_Rb_tree_node<std::pair<std::__cxx11::basic_string<char, std::char_traits<char>, std::allocator<char> > const, std::__cxx11::basic_string<char, std::char_traits<char>, std::allocator<char> > > >*)
 *fill*         0x000000000000a918        0x8 
 .text._ZNSt8_Rb_treeINSt7__cxx1112basic_stringIcSt11char_traitsIcESaIcEEESt4pairIKS5_St3mapIS5_S5_St4lessIS5_ESaIS6_IS7_S5_EEEESt10_Select1stISE_ESA_SaISE_EE8_M_eraseEPSt13_Rb_tree_nodeISE_E
                0x000000000000a920       0x70 main.o
                0x000000000000a920                std::_Rb_tree<std::__cxx11::basic_string<char, std::char_traits<char>, std::allocator<char> >, std::pair<std::__cxx11::basic_string<char, std::char_traits<char>, std::allocator<char> > const, std::map<std::__cxx11::basic_string<char, std::char_traits<char>, std::allocator<char> >, std::__cxx11::basic_string<char, std::char_traits<char>, std::allocator<char> >, std::less<std::__cxx11::basic_string<char, std::char_traits<char>, std::allocator<char> > >, std::allocator<std::pair<std::__cxx11::basic_string<char, std::char_traits<char>, std::allocator<char> > const, std::__cxx11::basic_string<char, std::char_traits<char>, std::allocator<char> > > > > >, std::_Select1st<std::pair<std::__cxx11::basic_string<char, std::char_traits<char>, std::allocator<char> > const, std::map<std::__cxx11::basic_string<char, std::char_traits<char>, std::allocator<char> >, std::__cxx11::basic_string<char, std::char_traits<char>, std::allocator<char> >, std::less<std::__cxx11::basic_string<char, std::char_traits<char>, std::allocator<char> > >, std::allocator<std::pair<std::__cxx11::basic_string<char, std::char_traits<char>, std::allocator<char> > const, std::__cxx11::basic_string<char, std::char_traits<char>, std::allocator<char> > > > > > >, std::less<std::__cxx11::basic_string<char, std::char_traits<char>, std::allocator<char> > >, std::allocator<std::pair<std::__cxx11::basic_string<char, std::char_traits<char>, std::allocator<char> > const, std::map<std::__cxx11::basic_string<char, std::char_traits<char>, std::allocator<char> >, std::__cxx11::basic_string<char, std::char_traits<char>, std::allocator<char> >, std::less<std::__cxx11::basic_string<char, std::char_traits<char>, std::allocator<char> > >, std::allocator<std::pair<std::__cxx11::basic_string<char, std::char_traits<char>, std::allocator<char> > const, std::__cxx11::basic_string<char, std::char_traits<char>, std::allocator<char> > > > > > > >::_M_erase(std::_Rb_tree_node<std::pair<std::__cxx11::basic_string<char, std::char_traits<char>, std::allocator<char> > const, std::map<std::__cxx11::basic_string<char, std::char_traits<char>, std::allocator<char> >, std::__cxx11::basic_string<char, std::char_traits<char>, std::allocator<char> >, std::less<std::__cxx11::basic_string<char, std::char_traits<char>, std::allocator<char> > >, std::allocator<std::pair<std::__cxx11::basic_string<char, std::char_traits<char>, std::allocator<char> > const, std::__cxx11::basic_string<char, std::char_traits<char>, std::allocator<char> > > > > > >*)
 .text._ZNSt6vectorIN3tsl3gfx16ScissoringConfigESaIS2_EE17_M_realloc_insertIJRKS2_EEEvN9__gnu_cxx17__normal_iteratorIPS2_S4_EEDpOT_
                0x000000000000a990      0x134 main.o
                0x000000000000a990                void std::vector<tsl::gfx::ScissoringConfig, std::allocator<tsl::gfx::ScissoringConfig> >::_M_realloc_insert<tsl::gfx::ScissoringConfig const&>(__gnu_cxx::__normal_iterator<tsl::gfx::ScissoringConfig*, std::vector<tsl::gfx::ScissoringConfig, std::allocator<tsl::gfx::ScissoringConfig> > >, tsl::gfx::ScissoringConfig const&)
 *fill*         0x000000000000aac4        0xc 
 .text._ZN3tsl3elm7Element5frameEPNS_3gfx8RendererE
                0x000000000000aad0      0x1b4 main.o
                0x000000000000aad0                tsl::elm::Element::frame(tsl::gfx::Renderer*)
 *fill*         0x000000000000ac84        0xc 
 .text._ZN3tsl3elm12OverlayFrame4drawEPNS_3gfx8RendererE
                0x000000000000ac90      0x514 main.o
                0x000000000000ac90                tsl::elm::OverlayFrame::draw(tsl::gfx::Renderer*)
 *fill*         0x000000000000b1a4        0xc 
 .text._ZNSt6vectorIPN3tsl3elm7ElementESaIS3_EE17_M_realloc_insertIJRKS3_EEEvN9__gnu_cxx17__normal_iteratorIPS3_S5_EEDpOT_
                0x000000000000b1b0      0x128 main.o
                0x000000000000b1b0                void std::vector<tsl::elm::Element*, std::allocator<tsl::elm::Element*> >::_M_realloc_insert<tsl::elm::Element* const&>(__gnu_cxx::__normal_iterator<tsl::elm::Element**, std::vector<tsl::elm::Element*, std::allocator<tsl::elm::Element*> > >, tsl::elm::Element* const&)
 *fill*         0x000000000000b2d8        0x8 
 .text._ZN3tsl3elm4List4drawEPNS_3gfx8RendererE
                0x000000000000b2e0      0x6cc main.o
                0x000000000000b2e0                tsl::elm::List::draw(tsl::gfx::Renderer*)
 *fill*         0x000000000000b9ac        0x4 
 .text._ZN3tsl3elm4List7addItemEPNS0_7ElementEt
                0x000000000000b9b0       0x94 main.o
                0x000000000000b9b0                tsl::elm::List::addItem(tsl::elm::Element*, unsigned short)
 *fill*         0x000000000000ba44        0xc 
 .text._ZNSt7__cxx1110_List_baseISt10unique_ptrIN3tsl3GuiESt14default_deleteIS3_EESaIS6_EE8_M_clearEv
                0x000000000000ba50       0x5c main.o
                0x000000000000ba50                std::__cxx11::_List_base<std::unique_ptr<tsl::Gui, std::default_delete<tsl::Gui> >, std::allocator<std::unique_ptr<tsl::Gui, std::default_delete<tsl::Gui> > > >::_M_clear()
 *fill*         0x000000000000baac        0x4 
 .text._ZN11OverlayTestD2Ev
                0x000000000000bab0       0x10 main.o
                0x000000000000bab0                OverlayTest::~OverlayTest()
                0x000000000000bab0                OverlayTest::~OverlayTest()
 .text._ZN11OverlayTestD0Ev
                0x000000000000bac0       0x34 main.o
                0x000000000000bac0                OverlayTest::~OverlayTest()
 *fill*         0x000000000000baf4        0xc 
 .text._ZNSt6vectorINSt7__cxx1112basic_stringIcSt11char_traitsIcESaIcEEESaIS5_EE17_M_realloc_insertIJS5_EEEvN9__gnu_cxx17__normal_iteratorIPS5_S7_EEDpOT_
                0x000000000000bb00      0x224 main.o
                0x000000000000bb00                void std::vector<std::__cxx11::basic_string<char, std::char_traits<char>, std::allocator<char> >, std::allocator<std::__cxx11::basic_string<char, std::char_traits<char>, std::allocator<char> > > >::_M_realloc_insert<std::__cxx11::basic_string<char, std::char_traits<char>, std::allocator<char> > >(__gnu_cxx::__normal_iterator<std::__cxx11::basic_string<char, std::char_traits<char>, std::allocator<char> >*, std::vector<std::__cxx11::basic_string<char, std::char_traits<char>, std::allocator<char> >, std::allocator<std::__cxx11::basic_string<char, std::char_traits<char>, std::allocator<char> > > > >, std::__cxx11::basic_string<char, std::char_traits<char>, std::allocator<char> >&&)
 *fill*         0x000000000000bd24        0xc 
 .text._ZNSt6vectorINSt7__cxx1112basic_stringIcSt11char_traitsIcESaIcEEESaIS5_EE12emplace_backIJS5_EEERS5_DpOT_
                0x000000000000bd30       0x90 main.o
                0x000000000000bd30                std::__cxx11::basic_string<char, std::char_traits<char>, std::allocator<char> >& std::vector<std::__cxx11::basic_string<char, std::char_traits<char>, std::allocator<char> >, std::allocator<std::__cxx11::basic_string<char, std::char_traits<char>, std::allocator<char> > > >::emplace_back<std::__cxx11::basic_string<char, std::char_traits<char>, std::allocator<char> > >(std::__cxx11::basic_string<char, std::char_traits<char>, std::allocator<char> >&&)
 .text._ZNSt8_Rb_treeINSt7__cxx1112basic_stringIcSt11char_traitsIcESaIcEEESt4pairIKS5_St3mapIS5_S5_St4lessIS5_ESaIS6_IS7_S5_EEEESt10_Select1stISE_ESA_SaISE_EE24_M_get_insert_unique_posERS7_
                0x000000000000bdc0      0x178 main.o
                0x000000000000bdc0                std::_Rb_tree<std::__cxx11::basic_string<char, std::char_traits<char>, std::allocator<char> >, std::pair<std::__cxx11::basic_string<char, std::char_traits<char>, std::allocator<char> > const, std::map<std::__cxx11::basic_string<char, std::char_traits<char>, std::allocator<char> >, std::__cxx11::basic_string<char, std::char_traits<char>, std::allocator<char> >, std::less<std::__cxx11::basic_string<char, std::char_traits<char>, std::allocator<char> > >, std::allocator<std::pair<std::__cxx11::basic_string<char, std::char_traits<char>, std::allocator<char> > const, std::__cxx11::basic_string<char, std::char_traits<char>, std::allocator<char> > > > > >, std::_Select1st<std::pair<std::__cxx11::basic_string<char, std::char_traits<char>, std::allocator<char> > const, std::map<std::__cxx11::basic_string<char, std::char_traits<char>, std::allocator<char> >, std::__cxx11::basic_string<char, std::char_traits<char>, std::allocator<char> >, std::less<std::__cxx11::basic_string<char, std::char_traits<char>, std::allocator<char> > >, std::allocator<std::pair<std::__cxx11::basic_string<char, std::char_traits<char>, std::allocator<char> > const, std::__cxx11::basic_string<char, std::char_traits<char>, std::allocator<char> > > > > > >, std::less<std::__cxx11::basic_string<char, std::char_traits<char>, std::allocator<char> > >, std::allocator<std::pair<std::__cxx11::basic_string<char, std::char_traits<char>, std::allocator<char> > const, std::map<std::__cxx11::basic_string<char, std::char_traits<char>, std::allocator<char> >, std::__cxx11::basic_string<char, std::char_traits<char>, std::allocator<char> >, std::less<std::__cxx11::basic_string<char, std::char_traits<char>, std::allocator<char> > >, std::allocator<std::pair<std::__cxx11::basic_string<char, std::char_traits<char>, std::allocator<char> > const, std::__cxx11::basic_string<char, std::char_traits<char>, std::allocator<char> > > > > > > >::_M_get_insert_unique_pos(std::__cxx11::basic_string<char, std::char_traits<char>, std::allocator<char> > const&)
 *fill*         0x000000000000bf38        0x8 
 .text._ZNSt8_Rb_treeINSt7__cxx1112basic_stringIcSt11char_traitsIcESaIcEEESt4pairIKS5_St3mapIS5_S5_St4lessIS5_ESaIS6_IS7_S5_EEEESt10_Select1stISE_ESA_SaISE_EE14_M_insert_nodeEPSt18_Rb_tree_node_baseSK_PSt13_Rb_tree_nodeISE_E
                0x000000000000bf40       0x6c main.o
                0x000000000000bf40                std::_Rb_tree<std::__cxx11::basic_string<char, std::char_traits<char>, std::allocator<char> >, std::pair<std::__cxx11::basic_string<char, std::char_traits<char>, std::allocator<char> > const, std::map<std::__cxx11::basic_string<char, std::char_traits<char>, std::allocator<char> >, std::__cxx11::basic_string<char, std::char_traits<char>, std::allocator<char> >, std::less<std::__cxx11::basic_string<char, std::char_traits<char>, std::allocator<char> > >, std::allocator<std::pair<std::__cxx11::basic_string<char, std::char_traits<char>, std::allocator<char> > const, std::__cxx11::basic_string<char, std::char_traits<char>, std::allocator<char> > > > > >, std::_Select1st<std::pair<std::__cxx11::basic_string<char, std::char_traits<char>, std::allocator<char> > const, std::map<std::__cxx11::basic_string<char, std::char_traits<char>, std::allocator<char> >, std::__cxx11::basic_string<char, std::char_traits<char>, std::allocator<char> >, std::less<std::__cxx11::basic_string<char, std::char_traits<char>, std::allocator<char> > >, std::allocator<std::pair<std::__cxx11::basic_string<char, std::char_traits<char>, std::allocator<char> > const, std::__cxx11::basic_string<char, std::char_traits<char>, std::allocator<char> > > > > > >, std::less<std::__cxx11::basic_string<char, std::char_traits<char>, std::allocator<char> > >, std::allocator<std::pair<std::__cxx11::basic_string<char, std::char_traits<char>, std::allocator<char> > const, std::map<std::__cxx11::basic_string<char, std::char_traits<char>, std::allocator<char> >, std::__cxx11::basic_string<char, std::char_traits<char>, std::allocator<char> >, std::less<std::__cxx11::basic_string<char, std::char_traits<char>, std::allocator<char> > >, std::allocator<std::pair<std::__cxx11::basic_string<char, std::char_traits<char>, std::allocator<char> > const, std::__cxx11::basic_string<char, std::char_traits<char>, std::allocator<char> > > > > > > >::_M_insert_node(std::_Rb_tree_node_base*, std::_Rb_tree_node_base*, std::_Rb_tree_node<std::pair<std::__cxx11::basic_string<char, std::char_traits<char>, std::allocator<char> > const, std::map<std::__cxx11::basic_string<char, std::char_traits<char>, std::allocator<char> >, std::__cxx11::basic_string<char, std::char_traits<char>, std::allocator<char> >, std::less<std::__cxx11::basic_string<char, std::char_traits<char>, std::allocator<char> > >, std::allocator<std::pair<std::__cxx11::basic_string<char, std::char_traits<char>, std::allocator<char> > const, std::__cxx11::basic_string<char, std::char_traits<char>, std::allocator<char> > > > > > >*)
 *fill*         0x000000000000bfac        0x4 
 .text._ZNSt8_Rb_treeINSt7__cxx1112basic_stringIcSt11char_traitsIcESaIcEEESt4pairIKS5_St3mapIS5_S5_St4lessIS5_ESaIS6_IS7_S5_EEEESt10_Select1stISE_ESA_SaISE_EE29_M_get_insert_hint_unique_posESt23_Rb_tree_const_iteratorISE_ERS7_
                0x000000000000bfb0      0x148 main.o
                0x000000000000bfb0                std::_Rb_tree<std::__cxx11::basic_string<char, std::char_traits<char>, std::allocator<char> >, std::pair<std::__cxx11::basic_string<char, std::char_traits<char>, std::allocator<char> > const, std::map<std::__cxx11::basic_string<char, std::char_traits<char>, std::allocator<char> >, std::__cxx11::basic_string<char, std::char_traits<char>, std::allocator<char> >, std::less<std::__cxx11::basic_string<char, std::char_traits<char>, std::allocator<char> > >, std::allocator<std::pair<std::__cxx11::basic_string<char, std::char_traits<char>, std::allocator<char> > const, std::__cxx11::basic_string<char, std::char_traits<char>, std::allocator<char> > > > > >, std::_Select1st<std::pair<std::__cxx11::basic_string<char, std::char_traits<char>, std::allocator<char> > const, std::map<std::__cxx11::basic_string<char, std::char_traits<char>, std::allocator<char> >, std::__cxx11::basic_string<char, std::char_traits<char>, std::allocator<char> >, std::less<std::__cxx11::basic_string<char, std::char_traits<char>, std::allocator<char> > >, std::allocator<std::pair<std::__cxx11::basic_string<char, std::char_traits<char>, std::allocator<char> > const, std::__cxx11::basic_string<char, std::char_traits<char>, std::allocator<char> > > > > > >, std::less<std::__cxx11::basic_string<char, std::char_traits<char>, std::allocator<char> > >, std::allocator<std::pair<std::__cxx11::basic_string<char, std::char_traits<char>, std::allocator<char> > const, std::map<std::__cxx11::basic_string<char, std::char_traits<char>, std::allocator<char> >, std::__cxx11::basic_string<char, std::char_traits<char>, std::allocator<char> >, std::less<std::__cxx11::basic_string<char, std::char_traits<char>, std::allocator<char> > >, std::allocator<std::pair<std::__cxx11::basic_string<char, std::char_traits<char>, std::allocator<char> > const, std::__cxx11::basic_string<char, std::char_traits<char>, std::allocator<char> > > > > > > >::_M_get_insert_hint_unique_pos(std::_Rb_tree_const_iterator<std::pair<std::__cxx11::basic_string<char, std::char_traits<char>, std::allocator<char> > const, std::map<std::__cxx11::basic_string<char, std::char_traits<char>, std::allocator<char> >, std::__cxx11::basic_string<char, std::char_traits<char>, std::allocator<char> >, std::less<std::__cxx11::basic_string<char, std::char_traits<char>, std::allocator<char> > >, std::allocator<std::pair<std::__cxx11::basic_string<char, std::char_traits<char>, std::allocator<char> > const, std::__cxx11::basic_string<char, std::char_traits<char>, std::allocator<char> > > > > > >, std::__cxx11::basic_string<char, std::char_traits<char>, std::allocator<char> > const&)
 *fill*         0x000000000000c0f8        0x8 
 .text._ZNSt8_Rb_treeINSt7__cxx1112basic_stringIcSt11char_traitsIcESaIcEEESt4pairIKS5_S5_ESt10_Select1stIS8_ESt4lessIS5_ESaIS8_EE24_M_get_insert_unique_posERS7_
                0x000000000000c100      0x178 main.o
                0x000000000000c100                std::_Rb_tree<std::__cxx11::basic_string<char, std::char_traits<char>, std::allocator<char> >, std::pair<std::__cxx11::basic_string<char, std::char_traits<char>, std::allocator<char> > const, std::__cxx11::basic_string<char, std::char_traits<char>, std::allocator<char> > >, std::_Select1st<std::pair<std::__cxx11::basic_string<char, std::char_traits<char>, std::allocator<char> > const, std::__cxx11::basic_string<char, std::char_traits<char>, std::allocator<char> > > >, std::less<std::__cxx11::basic_string<char, std::char_traits<char>, std::allocator<char> > >, std::allocator<std::pair<std::__cxx11::basic_string<char, std::char_traits<char>, std::allocator<char> > const, std::__cxx11::basic_string<char, std::char_traits<char>, std::allocator<char> > > > >::_M_get_insert_unique_pos(std::__cxx11::basic_string<char, std::char_traits<char>, std::allocator<char> > const&)
 *fill*         0x000000000000c278        0x8 
 .text._ZNSt8_Rb_treeINSt7__cxx1112basic_stringIcSt11char_traitsIcESaIcEEESt4pairIKS5_S5_ESt10_Select1stIS8_ESt4lessIS5_ESaIS8_EE14_M_insert_nodeEPSt18_Rb_tree_node_baseSG_PSt13_Rb_tree_nodeIS8_E
                0x000000000000c280       0x6c main.o
                0x000000000000c280                std::_Rb_tree<std::__cxx11::basic_string<char, std::char_traits<char>, std::allocator<char> >, std::pair<std::__cxx11::basic_string<char, std::char_traits<char>, std::allocator<char> > const, std::__cxx11::basic_string<char, std::char_traits<char>, std::allocator<char> > >, std::_Select1st<std::pair<std::__cxx11::basic_string<char, std::char_traits<char>, std::allocator<char> > const, std::__cxx11::basic_string<char, std::char_traits<char>, std::allocator<char> > > >, std::less<std::__cxx11::basic_string<char, std::char_traits<char>, std::allocator<char> > >, std::allocator<std::pair<std::__cxx11::basic_string<char, std::char_traits<char>, std::allocator<char> > const, std::__cxx11::basic_string<char, std::char_traits<char>, std::allocator<char> > > > >::_M_insert_node(std::_Rb_tree_node_base*, std::_Rb_tree_node_base*, std::_Rb_tree_node<std::pair<std::__cxx11::basic_string<char, std::char_traits<char>, std::allocator<char> > const, std::__cxx11::basic_string<char, std::char_traits<char>, std::allocator<char> > > >*)
 *fill*         0x000000000000c2ec        0x4 
 .text._ZNSt8_Rb_treeINSt7__cxx1112basic_stringIcSt11char_traitsIcESaIcEEESt4pairIKS5_S5_ESt10_Select1stIS8_ESt4lessIS5_ESaIS8_EE29_M_get_insert_hint_unique_posESt23_Rb_tree_const_iteratorIS8_ERS7_
                0x000000000000c2f0      0x148 main.o
                0x000000000000c2f0                std::_Rb_tree<std::__cxx11::basic_string<char, std::char_traits<char>, std::allocator<char> >, std::pair<std::__cxx11::basic_string<char, std::char_traits<char>, std::allocator<char> > const, std::__cxx11::basic_string<char, std::char_traits<char>, std::allocator<char> > >, std::_Select1st<std::pair<std::__cxx11::basic_string<char, std::char_traits<char>, std::allocator<char> > const, std::__cxx11::basic_string<char, std::char_traits<char>, std::allocator<char> > > >, std::less<std::__cxx11::basic_string<char, std::char_traits<char>, std::allocator<char> > >, std::allocator<std::pair<std::__cxx11::basic_string<char, std::char_traits<char>, std::allocator<char> > const, std::__cxx11::basic_string<char, std::char_traits<char>, std::allocator<char> > > > >::_M_get_insert_hint_unique_pos(std::_Rb_tree_const_iterator<std::pair<std::__cxx11::basic_string<char, std::char_traits<char>, std::allocator<char> > const, std::__cxx11::basic_string<char, std::char_traits<char>, std::allocator<char> > > >, std::__cxx11::basic_string<char, std::char_traits<char>, std::allocator<char> > const&)
 *fill*         0x000000000000c438        0x8 
 .text._ZNSt7__cxx1112basic_stringIcSt11char_traitsIcESaIcEE12_M_constructIPKcEEvT_S8_St20forward_iterator_tag
                0x000000000000c440       0xd4 main.o
                0x000000000000c440                void std::__cxx11::basic_string<char, std::char_traits<char>, std::allocator<char> >::_M_construct<char const*>(char const*, char const*, std::forward_iterator_tag)
 *fill*         0x000000000000c514        0xc 
 .text._ZN3tsl3hlpL5splitERKNSt7__cxx1112basic_stringIcSt11char_traitsIcESaIcEEEc
                0x000000000000c520      0x188 main.o
 *fill*         0x000000000000c6a8        0x8 
 .text._ZSt9__find_ifIN9__gnu_cxx17__normal_iteratorIPcNSt7__cxx1112basic_stringIcSt11char_traitsIcESaIcEEEEENS0_5__ops10_Iter_predIPFiiEEEET_SF_SF_T0_St26random_access_iterator_tag
                0x000000000000c6b0      0x118 main.o
                0x000000000000c6b0                __gnu_cxx::__normal_iterator<char*, std::__cxx11::basic_string<char, std::char_traits<char>, std::allocator<char> > > std::__find_if<__gnu_cxx::__normal_iterator<char*, std::__cxx11::basic_string<char, std::char_traits<char>, std::allocator<char> > >, __gnu_cxx::__ops::_Iter_pred<int (*)(int)> >(__gnu_cxx::__normal_iterator<char*, std::__cxx11::basic_string<char, std::char_traits<char>, std::allocator<char> > >, __gnu_cxx::__normal_iterator<char*, std::__cxx11::basic_string<char, std::char_traits<char>, std::allocator<char> > >, __gnu_cxx::__ops::_Iter_pred<int (*)(int)>, std::random_access_iterator_tag)
 *fill*         0x000000000000c7c8        0x8 
 .text._ZNSt7__cxx1112basic_stringIcSt11char_traitsIcESaIcEE12_M_constructIPcEEvT_S7_St20forward_iterator_tag
                0x000000000000c7d0       0xd4 main.o
                0x000000000000c7d0                void std::__cxx11::basic_string<char, std::char_traits<char>, std::allocator<char> >::_M_construct<char*>(char*, char*, std::forward_iterator_tag)
 *fill*         0x000000000000c8a4        0xc 
 .text._ZN3tsl3elm8ListItem4drawEPNS_3gfx8RendererE
                0x000000000000c8b0      0x8b0 main.o
                0x000000000000c8b0                tsl::elm::ListItem::draw(tsl::gfx::Renderer*)
 .text._ZNSt8_Rb_treeINSt7__cxx1112basic_stringIcSt11char_traitsIcESaIcEEESt4pairIKS5_St3mapIS5_S5_St4lessIS5_ESaIS6_IS7_S5_EEEESt10_Select1stISE_ESA_SaISE_EE17_M_emplace_uniqueIJRS5_SD_EEES6_ISt17_Rb_tree_iteratorISE_EbEDpOT_
                0x000000000000d160      0x13c main.o
                0x000000000000d160                std::pair<std::_Rb_tree_iterator<std::pair<std::__cxx11::basic_string<char, std::char_traits<char>, std::allocator<char> > const, std::map<std::__cxx11::basic_string<char, std::char_traits<char>, std::allocator<char> >, std::__cxx11::basic_string<char, std::char_traits<char>, std::allocator<char> >, std::less<std::__cxx11::basic_string<char, std::char_traits<char>, std::allocator<char> > >, std::allocator<std::pair<std::__cxx11::basic_string<char, std::char_traits<char>, std::allocator<char> > const, std::__cxx11::basic_string<char, std::char_traits<char>, std::allocator<char> > > > > > >, bool> std::_Rb_tree<std::__cxx11::basic_string<char, std::char_traits<char>, std::allocator<char> >, std::pair<std::__cxx11::basic_string<char, std::char_traits<char>, std::allocator<char> > const, std::map<std::__cxx11::basic_string<char, std::char_traits<char>, std::allocator<char> >, std::__cxx11::basic_string<char, std::char_traits<char>, std::allocator<char> >, std::less<std::__cxx11::basic_string<char, std::char_traits<char>, std::allocator<char> > >, std::allocator<std::pair<std::__cxx11::basic_string<char, std::char_traits<char>, std::allocator<char> > const, std::__cxx11::basic_string<char, std::char_traits<char>, std::allocator<char> > > > > >, std::_Select1st<std::pair<std::__cxx11::basic_string<char, std::char_traits<char>, std::allocator<char> > const, std::map<std::__cxx11::basic_string<char, std::char_traits<char>, std::allocator<char> >, std::__cxx11::basic_string<char, std::char_traits<char>, std::allocator<char> >, std::less<std::__cxx11::basic_string<char, std::char_traits<char>, std::allocator<char> > >, std::allocator<std::pair<std::__cxx11::basic_string<char, std::char_traits<char>, std::allocator<char> > const, std::__cxx11::basic_string<char, std::char_traits<char>, std::allocator<char> > > > > > >, std::less<std::__cxx11::basic_string<char, std::char_traits<char>, std::allocator<char> > >, std::allocator<std::pair<std::__cxx11::basic_string<char, std::char_traits<char>, std::allocator<char> > const, std::map<std::__cxx11::basic_string<char, std::char_traits<char>, std::allocator<char> >, std::__cxx11::basic_string<char, std::char_traits<char>, std::allocator<char> >, std::less<std::__cxx11::basic_string<char, std::char_traits<char>, std::allocator<char> > >, std::allocator<std::pair<std::__cxx11::basic_string<char, std::char_traits<char>, std::allocator<char> > const, std::__cxx11::basic_string<char, std::char_traits<char>, std::allocator<char> > > > > > > >::_M_emplace_unique<std::__cxx11::basic_string<char, std::char_traits<char>, std::allocator<char> >&, std::map<std::__cxx11::basic_string<char, std::char_traits<char>, std::allocator<char> >, std::__cxx11::basic_string<char, std::char_traits<char>, std::allocator<char> >, std::less<std::__cxx11::basic_string<char, std::char_traits<char>, std::allocator<char> > >, std::allocator<std::pair<std::__cxx11::basic_string<char, std::char_traits<char>, std::allocator<char> > const, std::__cxx11::basic_string<char, std::char_traits<char>, std::allocator<char> > > > > >(std::__cxx11::basic_string<char, std::char_traits<char>, std::allocator<char> >&, std::map<std::__cxx11::basic_string<char, std::char_traits<char>, std::allocator<char> >, std::__cxx11::basic_string<char, std::char_traits<char>, std::allocator<char> >, std::less<std::__cxx11::basic_string<char, std::char_traits<char>, std::allocator<char> > >, std::allocator<std::pair<std::__cxx11::basic_string<char, std::char_traits<char>, std::allocator<char> > const, std::__cxx11::basic_string<char, std::char_traits<char>, std::allocator<char> > > > >&&)
 *fill*         0x000000000000d29c        0x4 
 .text._ZNSt8_Rb_treeINSt7__cxx1112basic_stringIcSt11char_traitsIcESaIcEEESt4pairIKS5_S5_ESt10_Select1stIS8_ESt4lessIS5_ESaIS8_EE17_M_emplace_uniqueIJRS5_SG_EEES6_ISt17_Rb_tree_iteratorIS8_EbEDpOT_
                0x000000000000d2a0       0xf4 main.o
                0x000000000000d2a0                std::pair<std::_Rb_tree_iterator<std::pair<std::__cxx11::basic_string<char, std::char_traits<char>, std::allocator<char> > const, std::__cxx11::basic_string<char, std::char_traits<char>, std::allocator<char> > > >, bool> std::_Rb_tree<std::__cxx11::basic_string<char, std::char_traits<char>, std::allocator<char> >, std::pair<std::__cxx11::basic_string<char, std::char_traits<char>, std::allocator<char> > const, std::__cxx11::basic_string<char, std::char_traits<char>, std::allocator<char> > >, std::_Select1st<std::pair<std::__cxx11::basic_string<char, std::char_traits<char>, std::allocator<char> > const, std::__cxx11::basic_string<char, std::char_traits<char>, std::allocator<char> > > >, std::less<std::__cxx11::basic_string<char, std::char_traits<char>, std::allocator<char> > >, std::allocator<std::pair<std::__cxx11::basic_string<char, std::char_traits<char>, std::allocator<char> > const, std::__cxx11::basic_string<char, std::char_traits<char>, std::allocator<char> > > > >::_M_emplace_unique<std::__cxx11::basic_string<char, std::char_traits<char>, std::allocator<char> >&, std::__cxx11::basic_string<char, std::char_traits<char>, std::allocator<char> >&>(std::__cxx11::basic_string<char, std::char_traits<char>, std::allocator<char> >&, std::__cxx11::basic_string<char, std::char_traits<char>, std::allocator<char> >&)
 *fill*         0x000000000000d394        0xc 
 .text._ZN3tsl4implL20parseOverlaySettingsERm.constprop.0
                0x000000000000d3a0      0xae4 main.o
 *fill*         0x000000000000de84        0xc 
 .text._ZN3tsl4implL14hidInputPollerILNS0_11LaunchFlagsE1EEEvPv
                0x000000000000de90      0x290 main.o
 .text._ZN7GuiTest8createUIEv
                0x000000000000e120      0x884 main.o
                0x000000000000e120                GuiTest::createUI()
 *fill*         0x000000000000e9a4        0xc 
 .text.eventCreate
                0x000000000000e9b0       0x38 E:/devkitPro/libnx/lib\libnx.a(event.o)
                0x000000000000e9b0                eventCreate
 *fill*         0x000000000000e9e8        0x8 
 .text.eventLoadRemote
                0x000000000000e9f0        0xc E:/devkitPro/libnx/lib\libnx.a(event.o)
                0x000000000000e9f0                eventLoadRemote
 *fill*         0x000000000000e9fc        0x4 
 .text.eventWait
                0x000000000000ea00       0x38 E:/devkitPro/libnx/lib\libnx.a(event.o)
                0x000000000000ea00                eventWait
 *fill*         0x000000000000ea38        0x8 
 .text.eventFire
                0x000000000000ea40       0x14 E:/devkitPro/libnx/lib\libnx.a(event.o)
                0x000000000000ea40                eventFire
 *fill*         0x000000000000ea54        0xc 
 .text.eventClear
                0x000000000000ea60       0x24 E:/devkitPro/libnx/lib\libnx.a(event.o)
                0x000000000000ea60                eventClear
 *fill*         0x000000000000ea84        0xc 
 .text.eventClose
                0x000000000000ea90       0x50 E:/devkitPro/libnx/lib\libnx.a(event.o)
                0x000000000000ea90                eventClose
 .text.threadCreate
                0x000000000000eae0      0x324 E:/devkitPro/libnx/lib\libnx.a(thread.o)
                0x000000000000eae0                threadCreate
 *fill*         0x000000000000ee04        0xc 
 .text.threadExit
                0x000000000000ee10       0xa0 E:/devkitPro/libnx/lib\libnx.a(thread.o)
                0x000000000000ee10                threadExit
 .text._EntryWrap
                0x000000000000eeb0       0x90 E:/devkitPro/libnx/lib\libnx.a(thread.o)
 .text.threadStart
                0x000000000000ef40        0x8 E:/devkitPro/libnx/lib\libnx.a(thread.o)
                0x000000000000ef40                threadStart
 *fill*         0x000000000000ef48        0x8 
 .text.threadWaitForExit
                0x000000000000ef50       0x2c E:/devkitPro/libnx/lib\libnx.a(thread.o)
                0x000000000000ef50                threadWaitForExit
 *fill*         0x000000000000ef7c        0x4 
 .text.threadClose
                0x000000000000ef80       0xb4 E:/devkitPro/libnx/lib\libnx.a(thread.o)
                0x000000000000ef80                threadClose
 *fill*         0x000000000000f034        0xc 
 .text.threadTlsGet
                0x000000000000f040       0x10 E:/devkitPro/libnx/lib\libnx.a(thread.o)
                0x000000000000f040                threadTlsGet
 .text.threadTlsSet
                0x000000000000f050       0x10 E:/devkitPro/libnx/lib\libnx.a(thread.o)
                0x000000000000f050                threadTlsSet
 .text.threadTlsAlloc
                0x000000000000f060       0xd8 E:/devkitPro/libnx/lib\libnx.a(thread.o)
                0x000000000000f060                threadTlsAlloc
 *fill*         0x000000000000f138        0x8 
 .text.threadTlsFree
                0x000000000000f140       0x48 E:/devkitPro/libnx/lib\libnx.a(thread.o)
                0x000000000000f140                threadTlsFree
 *fill*         0x000000000000f188        0x8 
 .text._hidCmdWithNoInput
                0x000000000000f190       0xec E:/devkitPro/libnx/lib\libnx.a(hid.o)
 *fill*         0x000000000000f27c        0x4 
 .text._hidCmdWithInputU32
                0x000000000000f280      0x104 E:/devkitPro/libnx/lib\libnx.a(hid.o)
 *fill*         0x000000000000f384        0xc 
 .text._hidCreateAppletResource.constprop.0
                0x000000000000f390       0xf8 E:/devkitPro/libnx/lib\libnx.a(hid.o)
 *fill*         0x000000000000f488        0x8 
 .text._hidCmdGetHandle.isra.0.constprop.0
                0x000000000000f490       0xc4 E:/devkitPro/libnx/lib\libnx.a(hid.o)
 *fill*         0x000000000000f554        0xc 
 .text._hidCmdWithInputU64.constprop.0
                0x000000000000f560       0xf4 E:/devkitPro/libnx/lib\libnx.a(hid.o)
 *fill*         0x000000000000f654        0xc 
 .text.hidReset
                0x000000000000f660      0x1f8 E:/devkitPro/libnx/lib\libnx.a(hid.o)
                0x000000000000f660                hidReset
 *fill*         0x000000000000f858        0x8 
 .text.hidGetSharedmemAddr
                0x000000000000f860        0xc E:/devkitPro/libnx/lib\libnx.a(hid.o)
                0x000000000000f860                hidGetSharedmemAddr
 *fill*         0x000000000000f86c        0x4 
 .text.hidIsControllerConnected
                0x000000000000f870       0x7c E:/devkitPro/libnx/lib\libnx.a(hid.o)
                0x000000000000f870                hidIsControllerConnected
 *fill*         0x000000000000f8ec        0x4 
 .text.hidKeysHeld
                0x000000000000f8f0       0x6c E:/devkitPro/libnx/lib\libnx.a(hid.o)
                0x000000000000f8f0                hidKeysHeld
 *fill*         0x000000000000f95c        0x4 
 .text.hidKeysDown
                0x000000000000f960       0x6c E:/devkitPro/libnx/lib\libnx.a(hid.o)
                0x000000000000f960                hidKeysDown
 *fill*         0x000000000000f9cc        0x4 
 .text.hidTouchCount
                0x000000000000f9d0        0xc E:/devkitPro/libnx/lib\libnx.a(hid.o)
                0x000000000000f9d0                hidTouchCount
 *fill*         0x000000000000f9dc        0x4 
 .text.hidScanInput
                0x000000000000f9e0      0x5c0 E:/devkitPro/libnx/lib\libnx.a(hid.o)
                0x000000000000f9e0                hidScanInput
 .text.hidTouchRead
                0x000000000000ffa0       0x54 E:/devkitPro/libnx/lib\libnx.a(hid.o)
                0x000000000000ffa0                hidTouchRead
 *fill*         0x000000000000fff4        0xc 
 .text.hidJoystickRead
                0x0000000000010000       0xac E:/devkitPro/libnx/lib\libnx.a(hid.o)
                0x0000000000010000                hidJoystickRead
 *fill*         0x00000000000100ac        0x4 
 .text.hidSetSupportedNpadStyleSet
                0x00000000000100b0        0x8 E:/devkitPro/libnx/lib\libnx.a(hid.o)
                0x00000000000100b0                hidSetSupportedNpadStyleSet
 *fill*         0x00000000000100b8        0x8 
 .text.hidSetSupportedNpadIdType
                0x00000000000100c0      0x190 E:/devkitPro/libnx/lib\libnx.a(hid.o)
                0x00000000000100c0                hidSetSupportedNpadIdType
 .text.hidSetNpadJoyHoldType
                0x0000000000010250        0x8 E:/devkitPro/libnx/lib\libnx.a(hid.o)
                0x0000000000010250                hidSetNpadJoyHoldType
 *fill*         0x0000000000010258        0x8 
 .text.hidSetNpadJoyAssignmentModeDual
                0x0000000000010260       0x20 E:/devkitPro/libnx/lib\libnx.a(hid.o)
                0x0000000000010260                hidSetNpadJoyAssignmentModeDual
 .text.hidFinalizeSevenSixAxisSensor
                0x0000000000010280       0x80 E:/devkitPro/libnx/lib\libnx.a(hid.o)
                0x0000000000010280                hidFinalizeSevenSixAxisSensor
 .text._hidCleanup
                0x0000000000010300      0x100 E:/devkitPro/libnx/lib\libnx.a(hid.o)
 .text.hidInitialize
                0x0000000000010400      0x1d8 E:/devkitPro/libnx/lib\libnx.a(hid.o)
                0x0000000000010400                hidInitialize
 *fill*         0x00000000000105d8        0x8 
 .text.hidExit  0x00000000000105e0       0x44 E:/devkitPro/libnx/lib\libnx.a(hid.o)
                0x00000000000105e0                hidExit
 *fill*         0x0000000000010624        0xc 
 .text._viCleanup
                0x0000000000010630      0x1dc E:/devkitPro/libnx/lib\libnx.a(vi.o)
 *fill*         0x000000000001080c        0x4 
 .text._viCmdGetSessionNoParams.constprop.0
                0x0000000000010810       0xe4 E:/devkitPro/libnx/lib\libnx.a(vi.o)
 *fill*         0x00000000000108f4        0xc 
 .text._viCmdGetSession.constprop.0
                0x0000000000010900       0xe0 E:/devkitPro/libnx/lib\libnx.a(vi.o)
 .text.viInitialize
                0x00000000000109e0      0x260 E:/devkitPro/libnx/lib\libnx.a(vi.o)
                0x00000000000109e0                viInitialize
 .text.viExit   0x0000000000010c40       0x44 E:/devkitPro/libnx/lib\libnx.a(vi.o)
                0x0000000000010c40                viExit
 *fill*         0x0000000000010c84        0xc 
 .text.viGetSession_IHOSBinderDriverRelay
                0x0000000000010c90        0xc E:/devkitPro/libnx/lib\libnx.a(vi.o)
                0x0000000000010c90                viGetSession_IHOSBinderDriverRelay
 *fill*         0x0000000000010c9c        0x4 
 .text.viOpenDisplay
                0x0000000000010ca0      0x11c E:/devkitPro/libnx/lib\libnx.a(vi.o)
                0x0000000000010ca0                viOpenDisplay
 *fill*         0x0000000000010dbc        0x4 
 .text.viGetDisplayVsyncEvent
                0x0000000000010dc0      0x11c E:/devkitPro/libnx/lib\libnx.a(vi.o)
                0x0000000000010dc0                viGetDisplayVsyncEvent
 *fill*         0x0000000000010edc        0x4 
 .text.viGetZOrderCountMax
                0x0000000000010ee0       0xe4 E:/devkitPro/libnx/lib\libnx.a(vi.o)
                0x0000000000010ee0                viGetZOrderCountMax
 *fill*         0x0000000000010fc4        0xc 
 .text.viCreateManagedLayer
                0x0000000000010fd0       0xf8 E:/devkitPro/libnx/lib\libnx.a(vi.o)
                0x0000000000010fd0                viCreateManagedLayer
 *fill*         0x00000000000110c8        0x8 
 .text.viDestroyManagedLayer
                0x00000000000110d0       0xd8 E:/devkitPro/libnx/lib\libnx.a(vi.o)
                0x00000000000110d0                viDestroyManagedLayer
 *fill*         0x00000000000111a8        0x8 
 .text.viSetLayerSize
                0x00000000000111b0       0xe8 E:/devkitPro/libnx/lib\libnx.a(vi.o)
                0x00000000000111b0                viSetLayerSize
 *fill*         0x0000000000011298        0x8 
 .text.viSetLayerZ
                0x00000000000112a0       0xd4 E:/devkitPro/libnx/lib\libnx.a(vi.o)
                0x00000000000112a0                viSetLayerZ
 *fill*         0x0000000000011374        0xc 
 .text.viSetLayerPosition
                0x0000000000011380       0xfc E:/devkitPro/libnx/lib\libnx.a(vi.o)
                0x0000000000011380                viSetLayerPosition
 *fill*         0x000000000001147c        0x4 
 .text.viCloseLayer
                0x0000000000011480       0xf4 E:/devkitPro/libnx/lib\libnx.a(vi.o)
                0x0000000000011480                viCloseLayer
 *fill*         0x0000000000011574        0xc 
 .text.viCreateLayer
                0x0000000000011580      0x3a0 E:/devkitPro/libnx/lib\libnx.a(vi.o)
                0x0000000000011580                viCreateLayer
 .text.viSetLayerScalingMode
                0x0000000000011920       0xd4 E:/devkitPro/libnx/lib\libnx.a(vi.o)
                0x0000000000011920                viSetLayerScalingMode
 *fill*         0x00000000000119f4        0xc 
 .text._plCleanup
                0x0000000000011a00       0x78 E:/devkitPro/libnx/lib\libnx.a(pl.o)
 *fill*         0x0000000000011a78        0x8 
 .text._plCmdInU32OutU32.isra.0.constprop.0
                0x0000000000011a80       0xd0 E:/devkitPro/libnx/lib\libnx.a(pl.o)
 .text._plCmdInU32NoOut.isra.0.constprop.0
                0x0000000000011b50       0xbc E:/devkitPro/libnx/lib\libnx.a(pl.o)
 *fill*         0x0000000000011c0c        0x4 
 .text._plRequestLoadWait
                0x0000000000011c10       0x84 E:/devkitPro/libnx/lib\libnx.a(pl.o)
 *fill*         0x0000000000011c94        0xc 
 .text._plCmdGetHandle.isra.0.constprop.0
                0x0000000000011ca0       0xc8 E:/devkitPro/libnx/lib\libnx.a(pl.o)
 *fill*         0x0000000000011d68        0x8 
 .text.plExit   0x0000000000011d70       0x44 E:/devkitPro/libnx/lib\libnx.a(pl.o)
                0x0000000000011d70                plExit
 *fill*         0x0000000000011db4        0xc 
 .text.plInitialize
                0x0000000000011dc0       0xfc E:/devkitPro/libnx/lib\libnx.a(pl.o)
                0x0000000000011dc0                plInitialize
 *fill*         0x0000000000011ebc        0x4 
 .text.plGetSharedmemAddr
                0x0000000000011ec0        0xc E:/devkitPro/libnx/lib\libnx.a(pl.o)
                0x0000000000011ec0                plGetSharedmemAddr
 *fill*         0x0000000000011ecc        0x4 
 .text.plGetSharedFontByType
                0x0000000000011ed0       0xb0 E:/devkitPro/libnx/lib\libnx.a(pl.o)
                0x0000000000011ed0                plGetSharedFontByType
 .text._bpcCleanup
                0x0000000000011f80       0x68 E:/devkitPro/libnx/lib\libnx.a(bpc.o)
 *fill*         0x0000000000011fe8        0x8 
 .text._bpcCmdNoIO.isra.0.constprop.0
                0x0000000000011ff0       0xbc E:/devkitPro/libnx/lib\libnx.a(bpc.o)
 *fill*         0x00000000000120ac        0x4 
 .text.bpcInitialize
                0x00000000000120b0       0xc0 E:/devkitPro/libnx/lib\libnx.a(bpc.o)
                0x00000000000120b0                bpcInitialize
 .text.bpcExit  0x0000000000012170       0x44 E:/devkitPro/libnx/lib\libnx.a(bpc.o)
                0x0000000000012170                bpcExit
 *fill*         0x00000000000121b4        0xc 
 .text.bpcShutdownSystem
                0x00000000000121c0        0x8 E:/devkitPro/libnx/lib\libnx.a(bpc.o)
                0x00000000000121c0                bpcShutdownSystem
 *fill*         0x00000000000121c8        0x8 
 .text.bpcRebootSystem
                0x00000000000121d0        0x8 E:/devkitPro/libnx/lib\libnx.a(bpc.o)
                0x00000000000121d0                bpcRebootSystem
 *fill*         0x00000000000121d8        0x8 
 .text._pmdmntCleanup
                0x00000000000121e0       0x68 E:/devkitPro/libnx/lib\libnx.a(pm.o)
 *fill*         0x0000000000012248        0x8 
 .text.pmdmntInitialize
                0x0000000000012250       0xa0 E:/devkitPro/libnx/lib\libnx.a(pm.o)
                0x0000000000012250                pmdmntInitialize
 .text.pmdmntExit
                0x00000000000122f0       0x44 E:/devkitPro/libnx/lib\libnx.a(pm.o)
                0x00000000000122f0                pmdmntExit
 *fill*         0x0000000000012334        0xc 
 .text.pmdmntGetProcessId
                0x0000000000012340       0xf4 E:/devkitPro/libnx/lib\libnx.a(pm.o)
                0x0000000000012340                pmdmntGetProcessId
 *fill*         0x0000000000012434        0xc 
 .text.pmdmntGetApplicationProcessId
                0x0000000000012440       0xe0 E:/devkitPro/libnx/lib\libnx.a(pm.o)
                0x0000000000012440                pmdmntGetApplicationProcessId
 .text._fatalCmd
                0x0000000000012520      0x1a0 E:/devkitPro/libnx/lib\libnx.a(fatal.o)
 .text.fatalThrowWithPolicy
                0x00000000000126c0        0xc E:/devkitPro/libnx/lib\libnx.a(fatal.o)
                0x00000000000126c0                fatalThrowWithPolicy
 *fill*         0x00000000000126cc        0x4 
 .text.fatalThrow
                0x00000000000126d0       0x14 E:/devkitPro/libnx/lib\libnx.a(fatal.o)
                0x00000000000126d0                fatalThrow
                0x00000000000126d0                fatalSimple
 *fill*         0x00000000000126e4        0xc 
 .text._setsysCleanup
                0x00000000000126f0       0x68 E:/devkitPro/libnx/lib\libnx.a(set.o)
 *fill*         0x0000000000012758        0x8 
 .text.setsysInitialize
                0x0000000000012760       0xa0 E:/devkitPro/libnx/lib\libnx.a(set.o)
                0x0000000000012760                setsysInitialize
 .text.setsysExit
                0x0000000000012800       0x44 E:/devkitPro/libnx/lib\libnx.a(set.o)
                0x0000000000012800                setsysExit
 *fill*         0x0000000000012844        0xc 
 .text._hidsysCleanup
                0x0000000000012850       0x68 E:/devkitPro/libnx/lib\libnx.a(hidsys.o)
 *fill*         0x00000000000128b8        0x8 
 .text._hidsysCmdGetHandle.constprop.0
                0x00000000000128c0       0xfc E:/devkitPro/libnx/lib\libnx.a(hidsys.o)
 *fill*         0x00000000000129bc        0x4 
 .text._hidsysCmdGetEvent.constprop.0
                0x00000000000129c0       0x54 E:/devkitPro/libnx/lib\libnx.a(hidsys.o)
 *fill*         0x0000000000012a14        0xc 
 .text.hidsysInitialize
                0x0000000000012a20       0xb8 E:/devkitPro/libnx/lib\libnx.a(hidsys.o)
                0x0000000000012a20                hidsysInitialize
 *fill*         0x0000000000012ad8        0x8 
 .text.hidsysExit
                0x0000000000012ae0       0x44 E:/devkitPro/libnx/lib\libnx.a(hidsys.o)
                0x0000000000012ae0                hidsysExit
 *fill*         0x0000000000012b24        0xc 
 .text.hidsysGetServiceSession
                0x0000000000012b30        0xc E:/devkitPro/libnx/lib\libnx.a(hidsys.o)
                0x0000000000012b30                hidsysGetServiceSession
 *fill*         0x0000000000012b3c        0x4 
 .text.hidsysAcquireHomeButtonEventHandle
                0x0000000000012b40        0x8 E:/devkitPro/libnx/lib\libnx.a(hidsys.o)
                0x0000000000012b40                hidsysAcquireHomeButtonEventHandle
 *fill*         0x0000000000012b48        0x8 
 .text.hidsysAcquireSleepButtonEventHandle
                0x0000000000012b50        0x8 E:/devkitPro/libnx/lib\libnx.a(hidsys.o)
                0x0000000000012b50                hidsysAcquireSleepButtonEventHandle
 *fill*         0x0000000000012b58        0x8 
 .text._smCleanup
                0x0000000000012b60       0x68 E:/devkitPro/libnx/lib\libnx.a(sm.o)
 *fill*         0x0000000000012bc8        0x8 
 .text.smAddOverrideHandle
                0x0000000000012bd0       0x48 E:/devkitPro/libnx/lib\libnx.a(sm.o)
                0x0000000000012bd0                smAddOverrideHandle
 *fill*         0x0000000000012c18        0x8 
 .text.smGetServiceOverride
                0x0000000000012c20       0x54 E:/devkitPro/libnx/lib\libnx.a(sm.o)
                0x0000000000012c20                smGetServiceOverride
 *fill*         0x0000000000012c74        0xc 
 .text.smExit   0x0000000000012c80       0x44 E:/devkitPro/libnx/lib\libnx.a(sm.o)
                0x0000000000012c80                smExit
 *fill*         0x0000000000012cc4        0xc 
 .text.smGetServiceOriginal
                0x0000000000012cd0       0xcc E:/devkitPro/libnx/lib\libnx.a(sm.o)
                0x0000000000012cd0                smGetServiceOriginal
 *fill*         0x0000000000012d9c        0x4 
 .text.smInitialize
                0x0000000000012da0      0x27c E:/devkitPro/libnx/lib\libnx.a(sm.o)
                0x0000000000012da0                smInitialize
 *fill*         0x000000000001301c        0x4 
 .text.smGetServiceWrapper
                0x0000000000013020      0x110 E:/devkitPro/libnx/lib\libnx.a(sm.o)
                0x0000000000013020                smGetServiceWrapper
 .text._fsCleanup
                0x0000000000013130       0xb4 E:/devkitPro/libnx/lib\libnx.a(fs.o)
 *fill*         0x00000000000131e4        0xc 
 .text._fsFsOpenCommon
                0x00000000000131f0      0x22c E:/devkitPro/libnx/lib\libnx.a(fs.o)
 *fill*         0x000000000001341c        0x4 
 .text._fsObjectClose
                0x0000000000013420       0xf4 E:/devkitPro/libnx/lib\libnx.a(fs.o)
 *fill*         0x0000000000013514        0xc 
 .text._fsCmdGetSession.constprop.0
                0x0000000000013520      0x16c E:/devkitPro/libnx/lib\libnx.a(fs.o)
 *fill*         0x000000000001368c        0x4 
 .text.fsInitialize
                0x0000000000013690      0x30c E:/devkitPro/libnx/lib\libnx.a(fs.o)
                0x0000000000013690                fsInitialize
 *fill*         0x000000000001399c        0x4 
 .text.fsExit   0x00000000000139a0       0x44 E:/devkitPro/libnx/lib\libnx.a(fs.o)
                0x00000000000139a0                fsExit
 *fill*         0x00000000000139e4        0xc 
 .text.fsOpenSdCardFileSystem
                0x00000000000139f0        0x8 E:/devkitPro/libnx/lib\libnx.a(fs.o)
                0x00000000000139f0                fsOpenSdCardFileSystem
 *fill*         0x00000000000139f8        0x8 
 .text.fsFsOpenFile
                0x0000000000013a00        0x8 E:/devkitPro/libnx/lib\libnx.a(fs.o)
                0x0000000000013a00                fsFsOpenFile
 *fill*         0x0000000000013a08        0x8 
 .text.fsFsClose
                0x0000000000013a10        0x4 E:/devkitPro/libnx/lib\libnx.a(fs.o)
                0x0000000000013a10                fsFsClose
 *fill*         0x0000000000013a14        0xc 
 .text.fsFileRead
                0x0000000000013a20      0x218 E:/devkitPro/libnx/lib\libnx.a(fs.o)
                0x0000000000013a20                fsFileRead
 *fill*         0x0000000000013c38        0x8 
 .text.fsFileGetSize
                0x0000000000013c40      0x1f0 E:/devkitPro/libnx/lib\libnx.a(fs.o)
                0x0000000000013c40                fsFileGetSize
 .text.fsFileClose
                0x0000000000013e30        0x4 E:/devkitPro/libnx/lib\libnx.a(fs.o)
                0x0000000000013e30                fsFileClose
 *fill*         0x0000000000013e34        0xc 
 .text.framebufferClose
                0x0000000000013e40       0x84 E:/devkitPro/libnx/lib\libnx.a(framebuffer.o)
                0x0000000000013e40                framebufferClose
 *fill*         0x0000000000013ec4        0xc 
 .text.framebufferCreate
                0x0000000000013ed0      0x29c E:/devkitPro/libnx/lib\libnx.a(framebuffer.o)
                0x0000000000013ed0                framebufferCreate
 *fill*         0x000000000001416c        0x4 
 .text.framebufferBegin
                0x0000000000014170       0x88 E:/devkitPro/libnx/lib\libnx.a(framebuffer.o)
                0x0000000000014170                framebufferBegin
 *fill*         0x00000000000141f8        0x8 
 .text.framebufferEnd
                0x0000000000014200      0x174 E:/devkitPro/libnx/lib\libnx.a(framebuffer.o)
                0x0000000000014200                framebufferEnd
 *fill*         0x0000000000014374        0xc 
 .text._nwindowConnect
                0x0000000000014380       0x54 E:/devkitPro/libnx/lib\libnx.a(native_window.o)
 *fill*         0x00000000000143d4        0xc 
 .text._nwindowDisconnect
                0x00000000000143e0       0x40 E:/devkitPro/libnx/lib\libnx.a(native_window.o)
 .text.nwindowIsValid
                0x0000000000014420       0x24 E:/devkitPro/libnx/lib\libnx.a(native_window.o)
                0x0000000000014420                nwindowIsValid
 *fill*         0x0000000000014444        0xc 
 .text.nwindowClose
                0x0000000000014450       0x6c E:/devkitPro/libnx/lib\libnx.a(native_window.o)
                0x0000000000014450                nwindowClose
 *fill*         0x00000000000144bc        0x4 
 .text.nwindowCreate
                0x00000000000144c0       0xd0 E:/devkitPro/libnx/lib\libnx.a(native_window.o)
                0x00000000000144c0                nwindowCreate
 .text.nwindowCreateFromLayer
                0x0000000000014590       0x34 E:/devkitPro/libnx/lib\libnx.a(native_window.o)
                0x0000000000014590                nwindowCreateFromLayer
 *fill*         0x00000000000145c4        0xc 
 .text.nwindowConfigureBuffer
                0x00000000000145d0      0x154 E:/devkitPro/libnx/lib\libnx.a(native_window.o)
                0x00000000000145d0                nwindowConfigureBuffer
 *fill*         0x0000000000014724        0xc 
 .text.nwindowDequeueBuffer
                0x0000000000014730      0x1e0 E:/devkitPro/libnx/lib\libnx.a(native_window.o)
                0x0000000000014730                nwindowDequeueBuffer
 .text.nwindowQueueBuffer
                0x0000000000014910      0x144 E:/devkitPro/libnx/lib\libnx.a(native_window.o)
                0x0000000000014910                nwindowQueueBuffer
 *fill*         0x0000000000014a54        0xc 
 .text.nwindowReleaseBuffers
                0x0000000000014a60       0xac E:/devkitPro/libnx/lib\libnx.a(native_window.o)
                0x0000000000014a60                nwindowReleaseBuffers
 *fill*         0x0000000000014b0c        0x4 
 .text.hosversionGet
                0x0000000000014b10       0x10 E:/devkitPro/libnx/lib\libnx.a(hosversion.o)
                0x0000000000014b10                hosversionGet
 .text.hosversionSet
                0x0000000000014b20       0x10 E:/devkitPro/libnx/lib\libnx.a(hosversion.o)